Archive member included to satisfy reference by file (symbol)

/home/ikemura/Robotics/Embedded/gcc-arm-none-eabi-10.3-2021.10/bin/../lib/gcc/arm-none-eabi/10.3.1/../../../../arm-none-eabi/lib/thumb/v7e-m+fp/hard/libc_nano.a(lib_a-exit.o)
                              /home/ikemura/Robotics/Embedded/gcc-arm-none-eabi-10.3-2021.10/bin/../lib/gcc/arm-none-eabi/10.3.1/../../../../arm-none-eabi/lib/thumb/v7e-m+fp/hard/crt0.o (exit)
/home/ikemura/Robotics/Embedded/gcc-arm-none-eabi-10.3-2021.10/bin/../lib/gcc/arm-none-eabi/10.3.1/../../../../arm-none-eabi/lib/thumb/v7e-m+fp/hard/libc_nano.a(lib_a-impure.o)
                              /home/ikemura/Robotics/Embedded/gcc-arm-none-eabi-10.3-2021.10/bin/../lib/gcc/arm-none-eabi/10.3.1/../../../../arm-none-eabi/lib/thumb/v7e-m+fp/hard/libc_nano.a(lib_a-exit.o) (_global_impure_ptr)
/home/ikemura/Robotics/Embedded/gcc-arm-none-eabi-10.3-2021.10/bin/../lib/gcc/arm-none-eabi/10.3.1/../../../../arm-none-eabi/lib/thumb/v7e-m+fp/hard/libc_nano.a(lib_a-init.o)
                              /home/ikemura/Robotics/Embedded/gcc-arm-none-eabi-10.3-2021.10/bin/../lib/gcc/arm-none-eabi/10.3.1/../../../../arm-none-eabi/lib/thumb/v7e-m+fp/hard/crt0.o (__libc_init_array)
/home/ikemura/Robotics/Embedded/gcc-arm-none-eabi-10.3-2021.10/bin/../lib/gcc/arm-none-eabi/10.3.1/../../../../arm-none-eabi/lib/thumb/v7e-m+fp/hard/libc_nano.a(lib_a-memset.o)
                              /home/ikemura/Robotics/Embedded/gcc-arm-none-eabi-10.3-2021.10/bin/../lib/gcc/arm-none-eabi/10.3.1/../../../../arm-none-eabi/lib/thumb/v7e-m+fp/hard/crt0.o (memset)
/home/ikemura/Robotics/Embedded/gcc-arm-none-eabi-10.3-2021.10/bin/../lib/gcc/arm-none-eabi/10.3.1/../../../../arm-none-eabi/lib/thumb/v7e-m+fp/hard/libnosys.a(_exit.o)
                              /home/ikemura/Robotics/Embedded/gcc-arm-none-eabi-10.3-2021.10/bin/../lib/gcc/arm-none-eabi/10.3.1/../../../../arm-none-eabi/lib/thumb/v7e-m+fp/hard/libc_nano.a(lib_a-exit.o) (_exit)
/home/ikemura/Robotics/Embedded/gcc-arm-none-eabi-10.3-2021.10/bin/../lib/gcc/arm-none-eabi/10.3.1/thumb/v7e-m+fp/hard/libgcc.a(_aeabi_uldivmod.o)
                              build/main.o (__aeabi_uldivmod)
/home/ikemura/Robotics/Embedded/gcc-arm-none-eabi-10.3-2021.10/bin/../lib/gcc/arm-none-eabi/10.3.1/thumb/v7e-m+fp/hard/libgcc.a(_udivmoddi4.o)
                              /home/ikemura/Robotics/Embedded/gcc-arm-none-eabi-10.3-2021.10/bin/../lib/gcc/arm-none-eabi/10.3.1/thumb/v7e-m+fp/hard/libgcc.a(_aeabi_uldivmod.o) (__udivmoddi4)
/home/ikemura/Robotics/Embedded/gcc-arm-none-eabi-10.3-2021.10/bin/../lib/gcc/arm-none-eabi/10.3.1/thumb/v7e-m+fp/hard/libgcc.a(_dvmd_tls.o)
                              /home/ikemura/Robotics/Embedded/gcc-arm-none-eabi-10.3-2021.10/bin/../lib/gcc/arm-none-eabi/10.3.1/thumb/v7e-m+fp/hard/libgcc.a(_aeabi_uldivmod.o) (__aeabi_ldiv0)

Discarded input sections

 .text          0x0000000000000000        0x0 /home/ikemura/Robotics/Embedded/gcc-arm-none-eabi-10.3-2021.10/bin/../lib/gcc/arm-none-eabi/10.3.1/thumb/v7e-m+fp/hard/crti.o
 .data          0x0000000000000000        0x0 /home/ikemura/Robotics/Embedded/gcc-arm-none-eabi-10.3-2021.10/bin/../lib/gcc/arm-none-eabi/10.3.1/thumb/v7e-m+fp/hard/crti.o
 .bss           0x0000000000000000        0x0 /home/ikemura/Robotics/Embedded/gcc-arm-none-eabi-10.3-2021.10/bin/../lib/gcc/arm-none-eabi/10.3.1/thumb/v7e-m+fp/hard/crti.o
 .data          0x0000000000000000        0x4 /home/ikemura/Robotics/Embedded/gcc-arm-none-eabi-10.3-2021.10/bin/../lib/gcc/arm-none-eabi/10.3.1/thumb/v7e-m+fp/hard/crtbegin.o
 .rodata        0x0000000000000000       0x24 /home/ikemura/Robotics/Embedded/gcc-arm-none-eabi-10.3-2021.10/bin/../lib/gcc/arm-none-eabi/10.3.1/thumb/v7e-m+fp/hard/crtbegin.o
 .text          0x0000000000000000       0x7c /home/ikemura/Robotics/Embedded/gcc-arm-none-eabi-10.3-2021.10/bin/../lib/gcc/arm-none-eabi/10.3.1/../../../../arm-none-eabi/lib/thumb/v7e-m+fp/hard/crt0.o
 .data          0x0000000000000000        0x0 /home/ikemura/Robotics/Embedded/gcc-arm-none-eabi-10.3-2021.10/bin/../lib/gcc/arm-none-eabi/10.3.1/../../../../arm-none-eabi/lib/thumb/v7e-m+fp/hard/crt0.o
 .bss           0x0000000000000000        0x0 /home/ikemura/Robotics/Embedded/gcc-arm-none-eabi-10.3-2021.10/bin/../lib/gcc/arm-none-eabi/10.3.1/../../../../arm-none-eabi/lib/thumb/v7e-m+fp/hard/crt0.o
 .ARM.extab     0x0000000000000000        0x0 /home/ikemura/Robotics/Embedded/gcc-arm-none-eabi-10.3-2021.10/bin/../lib/gcc/arm-none-eabi/10.3.1/../../../../arm-none-eabi/lib/thumb/v7e-m+fp/hard/crt0.o
 .ARM.exidx     0x0000000000000000       0x10 /home/ikemura/Robotics/Embedded/gcc-arm-none-eabi-10.3-2021.10/bin/../lib/gcc/arm-none-eabi/10.3.1/../../../../arm-none-eabi/lib/thumb/v7e-m+fp/hard/crt0.o
 .ARM.attributes
                0x0000000000000000       0x1c /home/ikemura/Robotics/Embedded/gcc-arm-none-eabi-10.3-2021.10/bin/../lib/gcc/arm-none-eabi/10.3.1/../../../../arm-none-eabi/lib/thumb/v7e-m+fp/hard/crt0.o
[...]
Memory Configuration

Name             Origin             Length             Attributes
RAM              0x0000000020000000 0x0000000000030000 xrw
CCMRAM           0x0000000010000000 0x0000000000010000 xrw
FLASH            0x0000000008000000 0x0000000000200000 xr
*default*        0x0000000000000000 0xffffffffffffffff

Linker script and memory map

LOAD /home/ikemura/Robotics/Embedded/gcc-arm-none-eabi-10.3-2021.10/bin/../lib/gcc/arm-none-eabi/10.3.1/thumb/v7e-m+fp/hard/crti.o
LOAD /home/ikemura/Robotics/Embedded/gcc-arm-none-eabi-10.3-2021.10/bin/../lib/gcc/arm-none-eabi/10.3.1/thumb/v7e-m+fp/hard/crtbegin.o
LOAD /home/ikemura/Robotics/Embedded/gcc-arm-none-eabi-10.3-2021.10/bin/../lib/gcc/arm-none-eabi/10.3.1/../../../../arm-none-eabi/lib/thumb/v7e-m+fp/hard/crt0.o
LOAD build/main.o
LOAD build/stm32f4xx_it.o
LOAD build/stm32f4xx_hal_msp.o
LOAD build/stm32f4xx_hal_tim.o
LOAD build/stm32f4xx_hal_tim_ex.o
LOAD build/stm32f4xx_hal_rcc.o
LOAD build/stm32f4xx_hal_rcc_ex.o
LOAD build/stm32f4xx_hal_flash.o
LOAD build/stm32f4xx_hal_flash_ex.o
LOAD build/stm32f4xx_hal_flash_ramfunc.o
LOAD build/stm32f4xx_hal_gpio.o
LOAD build/stm32f4xx_hal_dma_ex.o
LOAD build/stm32f4xx_hal_dma.o
LOAD build/stm32f4xx_hal_pwr.o
LOAD build/stm32f4xx_hal_pwr_ex.o
LOAD build/stm32f4xx_hal_cortex.o
LOAD build/stm32f4xx_hal.o
LOAD build/stm32f4xx_hal_exti.o
LOAD build/system_stm32f4xx.o
LOAD build/stm32f4xx_hal_uart.o
LOAD build/startup_stm32f427xx.o
LOAD /home/ikemura/Robotics/Embedded/gcc-arm-none-eabi-10.3-2021.10/bin/../lib/gcc/arm-none-eabi/10.3.1/../../../../arm-none-eabi/lib/thumb/v7e-m+fp/hard/libc_nano.a
LOAD /home/ikemura/Robotics/Embedded/gcc-arm-none-eabi-10.3-2021.10/bin/../lib/gcc/arm-none-eabi/10.3.1/../../../../arm-none-eabi/lib/thumb/v7e-m+fp/hard/libm.a
LOAD /home/ikemura/Robotics/Embedded/gcc-arm-none-eabi-10.3-2021.10/bin/../lib/gcc/arm-none-eabi/10.3.1/../../../../arm-none-eabi/lib/thumb/v7e-m+fp/hard/libnosys.a
START GROUP
LOAD /home/ikemura/Robotics/Embedded/gcc-arm-none-eabi-10.3-2021.10/bin/../lib/gcc/arm-none-eabi/10.3.1/thumb/v7e-m+fp/hard/libgcc.a
LOAD /home/ikemura/Robotics/Embedded/gcc-arm-none-eabi-10.3-2021.10/bin/../lib/gcc/arm-none-eabi/10.3.1/../../../../arm-none-eabi/lib/thumb/v7e-m+fp/hard/libc_nano.a
END GROUP
START GROUP
LOAD /home/ikemura/Robotics/Embedded/gcc-arm-none-eabi-10.3-2021.10/bin/../lib/gcc/arm-none-eabi/10.3.1/thumb/v7e-m+fp/hard/libgcc.a
LOAD /home/ikemura/Robotics/Embedded/gcc-arm-none-eabi-10.3-2021.10/bin/../lib/gcc/arm-none-eabi/10.3.1/../../../../arm-none-eabi/lib/thumb/v7e-m+fp/hard/libc_nano.a
END GROUP
LOAD /home/ikemura/Robotics/Embedded/gcc-arm-none-eabi-10.3-2021.10/bin/../lib/gcc/arm-none-eabi/10.3.1/thumb/v7e-m+fp/hard/crtend.o
LOAD /home/ikemura/Robotics/Embedded/gcc-arm-none-eabi-10.3-2021.10/bin/../lib/gcc/arm-none-eabi/10.3.1/thumb/v7e-m+fp/hard/crtn.o
                0x0000000020030000                _estack = (ORIGIN (RAM) + LENGTH (RAM))
                0x0000000000000200                _Min_Heap_Size = 0x200
                0x0000000000000400                _Min_Stack_Size = 0x400

.isr_vector     0x0000000008000000      0x1ac
                0x0000000008000000                . = ALIGN (0x4)
 *(.isr_vector)
 .isr_vector    0x0000000008000000      0x1ac build/startup_stm32f427xx.o
                0x0000000008000000                g_pfnVectors
                0x00000000080001ac                . = ALIGN (0x4)

.text           0x00000000080001ac     0x27dc
                0x00000000080001ac                . = ALIGN (0x4)
 *(.text)
 .text          0x00000000080001ac       0x40 /home/ikemura/Robotics/Embedded/gcc-arm-none-eabi-10.3-2021.10/bin/../lib/gcc/arm-none-eabi/10.3.1/thumb/v7e-m+fp/hard/crtbegin.o
 .text          0x00000000080001ec       0x30 /home/ikemura/Robotics/Embedded/gcc-arm-none-eabi-10.3-2021.10/bin/../lib/gcc/arm-none-eabi/10.3.1/thumb/v7e-m+fp/hard/libgcc.a(_aeabi_uldivmod.o)
                0x00000000080001ec                __aeabi_uldivmod
 .text          0x000000000800021c      0x2d0 /home/ikemura/Robotics/Embedded/gcc-arm-none-eabi-10.3-2021.10/bin/../lib/gcc/arm-none-eabi/10.3.1/thumb/v7e-m+fp/hard/libgcc.a(_udivmoddi4.o)
                0x000000000800021c                __udivmoddi4
 .text          0x00000000080004ec        0x4 /home/ikemura/Robotics/Embedded/gcc-arm-none-eabi-10.3-2021.10/bin/../lib/gcc/arm-none-eabi/10.3.1/thumb/v7e-m+fp/hard/libgcc.a(_dvmd_tls.o)
                0x00000000080004ec                __aeabi_ldiv0
                0x00000000080004ec                __aeabi_idiv0
 *(.text*)
 .text.MX_GPIO_Init
                0x00000000080004f0       0xa4 build/main.o
 .text.servoToAngle
                0x0000000008000594       0x44 build/main.o
                0x0000000008000594                servoToAngle
 .text.HAL_TIM_PeriodElapsedCallback
                0x00000000080005d8       0xec build/main.o
                0x00000000080005d8                HAL_TIM_PeriodElapsedCallback
 .text.HAL_UART_RxCpltCallback
                0x00000000080006c4       0x18 build/main.o
                0x00000000080006c4                HAL_UART_RxCpltCallback
 .text.Error_Handler
                0x00000000080006dc        0x4 build/main.o
                0x00000000080006dc                Error_Handler
 .text.MX_TIM5_Init
                0x00000000080006e0       0xb0 build/main.o
 .text.MX_TIM4_Init
                0x0000000008000790       0xb0 build/main.o
 .text.MX_TIM9_Init
                0x0000000008000840       0x54 build/main.o
 .text.MX_UART7_Init
                0x0000000008000894       0x34 build/main.o
 .text.SystemClock_Config
                0x00000000080008c8       0x8c build/main.o
                0x00000000080008c8                SystemClock_Config
 .text.main     0x0000000008000954      0x1a4 build/main.o
                0x0000000008000954                main
 .text.NMI_Handler
                0x0000000008000af8        0x2 build/stm32f4xx_it.o
                0x0000000008000af8                NMI_Handler
 .text.HardFault_Handler
                0x0000000008000afa        0x2 build/stm32f4xx_it.o
                0x0000000008000afa                HardFault_Handler
 .text.MemManage_Handler
                0x0000000008000afc        0x2 build/stm32f4xx_it.o
                0x0000000008000afc                MemManage_Handler
 .text.BusFault_Handler
                0x0000000008000afe        0x2 build/stm32f4xx_it.o
                0x0000000008000afe                BusFault_Handler
 .text.UsageFault_Handler
                0x0000000008000b00        0x2 build/stm32f4xx_it.o
                0x0000000008000b00                UsageFault_Handler
 .text.SVC_Handler
                0x0000000008000b02        0x2 build/stm32f4xx_it.o
                0x0000000008000b02                SVC_Handler
 .text.DebugMon_Handler
                0x0000000008000b04        0x2 build/stm32f4xx_it.o
                0x0000000008000b04                DebugMon_Handler
 .text.PendSV_Handler
                0x0000000008000b06        0x2 build/stm32f4xx_it.o
                0x0000000008000b06                PendSV_Handler
 .text.SysTick_Handler
                0x0000000008000b08        0x8 build/stm32f4xx_it.o
                0x0000000008000b08                SysTick_Handler
 .text.TIM1_BRK_TIM9_IRQHandler
                0x0000000008000b10       0x10 build/stm32f4xx_it.o
                0x0000000008000b10                TIM1_BRK_TIM9_IRQHandler
 .text.UART7_IRQHandler
                0x0000000008000b20       0x10 build/stm32f4xx_it.o
                0x0000000008000b20                UART7_IRQHandler
 .text.HAL_MspInit
                0x0000000008000b30       0x38 build/stm32f4xx_hal_msp.o
                0x0000000008000b30                HAL_MspInit
 .text.HAL_TIM_PWM_MspInit
                0x0000000008000b68       0x54 build/stm32f4xx_hal_msp.o
                0x0000000008000b68                HAL_TIM_PWM_MspInit
 .text.HAL_TIM_Base_MspInit
                0x0000000008000bbc       0x40 build/stm32f4xx_hal_msp.o
                0x0000000008000bbc                HAL_TIM_Base_MspInit
 .text.HAL_TIM_MspPostInit
                0x0000000008000bfc       0xc0 build/stm32f4xx_hal_msp.o
                0x0000000008000bfc                HAL_TIM_MspPostInit
 .text.HAL_UART_MspInit
                0x0000000008000cbc       0x80 build/stm32f4xx_hal_msp.o
                0x0000000008000cbc                HAL_UART_MspInit
 .text.TIM_OC1_SetConfig
                0x0000000008000d3c       0x68 build/stm32f4xx_hal_tim.o
 .text.TIM_OC3_SetConfig
                0x0000000008000da4       0x70 build/stm32f4xx_hal_tim.o
 .text.TIM_OC4_SetConfig
                0x0000000008000e14       0x50 build/stm32f4xx_hal_tim.o
 .text.TIM_TI1_ConfigInputStage
                0x0000000008000e64       0x26 build/stm32f4xx_hal_tim.o
 .text.TIM_TI2_ConfigInputStage
                0x0000000008000e8a       0x28 build/stm32f4xx_hal_tim.o
 .text.TIM_ITRx_SetConfig
                0x0000000008000eb2       0x10 build/stm32f4xx_hal_tim.o
 *fill*         0x0000000008000ec2        0x2 
 .text.HAL_TIM_Base_Start_IT
                0x0000000008000ec4       0x88 build/stm32f4xx_hal_tim.o
                0x0000000008000ec4                HAL_TIM_Base_Start_IT
 .text.HAL_TIM_OC_DelayElapsedCallback
                0x0000000008000f4c        0x2 build/stm32f4xx_hal_tim.o
                0x0000000008000f4c                HAL_TIM_OC_DelayElapsedCallback
 .text.HAL_TIM_IC_CaptureCallback
                0x0000000008000f4e        0x2 build/stm32f4xx_hal_tim.o
                0x0000000008000f4e                HAL_TIM_IC_CaptureCallback
 .text.HAL_TIM_PWM_PulseFinishedCallback
                0x0000000008000f50        0x2 build/stm32f4xx_hal_tim.o
                0x0000000008000f50                HAL_TIM_PWM_PulseFinishedCallback
 .text.HAL_TIM_TriggerCallback
                0x0000000008000f52        0x2 build/stm32f4xx_hal_tim.o
                0x0000000008000f52                HAL_TIM_TriggerCallback
 .text.HAL_TIM_IRQHandler
                0x0000000008000f54      0x17a build/stm32f4xx_hal_tim.o
                0x0000000008000f54                HAL_TIM_IRQHandler
 *fill*         0x00000000080010ce        0x2 
 .text.TIM_Base_SetConfig
                0x00000000080010d0       0xc8 build/stm32f4xx_hal_tim.o
                0x00000000080010d0                TIM_Base_SetConfig
 .text.HAL_TIM_Base_Init
                0x0000000008001198       0x58 build/stm32f4xx_hal_tim.o
                0x0000000008001198                HAL_TIM_Base_Init
 .text.HAL_TIM_PWM_Init
                0x00000000080011f0       0x58 build/stm32f4xx_hal_tim.o
                0x00000000080011f0                HAL_TIM_PWM_Init
 .text.TIM_OC2_SetConfig
                0x0000000008001248       0x70 build/stm32f4xx_hal_tim.o
                0x0000000008001248                TIM_OC2_SetConfig
 .text.HAL_TIM_PWM_ConfigChannel
                0x00000000080012b8       0xdc build/stm32f4xx_hal_tim.o
                0x00000000080012b8                HAL_TIM_PWM_ConfigChannel
 .text.TIM_ETR_SetConfig
                0x0000000008001394       0x1a build/stm32f4xx_hal_tim.o
                0x0000000008001394                TIM_ETR_SetConfig
 .text.HAL_TIM_ConfigClockSource
                0x00000000080013ae       0xfe build/stm32f4xx_hal_tim.o
                0x00000000080013ae                HAL_TIM_ConfigClockSource
 .text.TIM_CCxChannelCmd
                0x00000000080014ac       0x1e build/stm32f4xx_hal_tim.o
                0x00000000080014ac                TIM_CCxChannelCmd
 *fill*         0x00000000080014ca        0x2 
 .text.HAL_TIM_PWM_Start
                0x00000000080014cc      0x104 build/stm32f4xx_hal_tim.o
                0x00000000080014cc                HAL_TIM_PWM_Start
 .text.HAL_TIMEx_MasterConfigSynchronization
                0x00000000080015d0       0x8c build/stm32f4xx_hal_tim_ex.o
                0x00000000080015d0                HAL_TIMEx_MasterConfigSynchronization
 .text.HAL_TIMEx_CommutCallback
                0x000000000800165c        0x2 build/stm32f4xx_hal_tim_ex.o
                0x000000000800165c                HAL_TIMEx_CommutCallback
 .text.HAL_TIMEx_BreakCallback
                0x000000000800165e        0x2 build/stm32f4xx_hal_tim_ex.o
                0x000000000800165e                HAL_TIMEx_BreakCallback
 .text.HAL_RCC_OscConfig
                0x0000000008001660      0x3f8 build/stm32f4xx_hal_rcc.o
                0x0000000008001660                HAL_RCC_OscConfig
 .text.HAL_RCC_GetSysClockFreq
                0x0000000008001a58       0xa4 build/stm32f4xx_hal_rcc.o
                0x0000000008001a58                HAL_RCC_GetSysClockFreq
 .text.HAL_RCC_ClockConfig
                0x0000000008001afc      0x160 build/stm32f4xx_hal_rcc.o
                0x0000000008001afc                HAL_RCC_ClockConfig
 .text.HAL_RCC_GetHCLKFreq
                0x0000000008001c5c        0xc build/stm32f4xx_hal_rcc.o
                0x0000000008001c5c                HAL_RCC_GetHCLKFreq
 .text.HAL_RCC_GetPCLK1Freq
                0x0000000008001c68       0x20 build/stm32f4xx_hal_rcc.o
                0x0000000008001c68                HAL_RCC_GetPCLK1Freq
 .text.HAL_RCC_GetPCLK2Freq
                0x0000000008001c88       0x20 build/stm32f4xx_hal_rcc.o
                0x0000000008001c88                HAL_RCC_GetPCLK2Freq
 .text.HAL_GPIO_Init
                0x0000000008001ca8      0x1fc build/stm32f4xx_hal_gpio.o
                0x0000000008001ca8                HAL_GPIO_Init
 .text.HAL_GPIO_WritePin
                0x0000000008001ea4        0xc build/stm32f4xx_hal_gpio.o
                0x0000000008001ea4                HAL_GPIO_WritePin
 .text.HAL_GPIO_TogglePin
                0x0000000008001eb0       0x12 build/stm32f4xx_hal_gpio.o
                0x0000000008001eb0                HAL_GPIO_TogglePin
 .text.HAL_DMA_Abort
                0x0000000008001ec2       0x94 build/stm32f4xx_hal_dma.o
                0x0000000008001ec2                HAL_DMA_Abort
 .text.HAL_DMA_Abort_IT
                0x0000000008001f56       0x26 build/stm32f4xx_hal_dma.o
                0x0000000008001f56                HAL_DMA_Abort_IT
 .text.HAL_NVIC_SetPriorityGrouping
                0x0000000008001f7c       0x24 build/stm32f4xx_hal_cortex.o
                0x0000000008001f7c                HAL_NVIC_SetPriorityGrouping
 .text.HAL_NVIC_SetPriority
                0x0000000008001fa0       0x70 build/stm32f4xx_hal_cortex.o
                0x0000000008001fa0                HAL_NVIC_SetPriority
 .text.HAL_NVIC_EnableIRQ
                0x0000000008002010       0x1c build/stm32f4xx_hal_cortex.o
                0x0000000008002010                HAL_NVIC_EnableIRQ
 .text.HAL_SYSTICK_Config
                0x000000000800202c       0x28 build/stm32f4xx_hal_cortex.o
                0x000000000800202c                HAL_SYSTICK_Config
 .text.HAL_InitTick
                0x0000000008002054       0x4c build/stm32f4xx_hal.o
                0x0000000008002054                HAL_InitTick
 .text.HAL_Init
                0x00000000080020a0       0x34 build/stm32f4xx_hal.o
                0x00000000080020a0                HAL_Init
 .text.HAL_IncTick
                0x00000000080020d4       0x18 build/stm32f4xx_hal.o
                0x00000000080020d4                HAL_IncTick
 .text.HAL_GetTick
                0x00000000080020ec        0xc build/stm32f4xx_hal.o
                0x00000000080020ec                HAL_GetTick
 .text.HAL_Delay
                0x00000000080020f8       0x28 build/stm32f4xx_hal.o
                0x00000000080020f8                HAL_Delay
 .text.SystemInit
                0x0000000008002120       0x14 build/system_stm32f4xx.o
                0x0000000008002120                SystemInit
 .text.UART_EndRxTransfer
                0x0000000008002134       0x5c build/stm32f4xx_hal_uart.o
 .text.UART_Transmit_IT
                0x0000000008002190       0x60 build/stm32f4xx_hal_uart.o
 .text.UART_SetConfig
                0x00000000080021f0      0x110 build/stm32f4xx_hal_uart.o
 .text.UART_WaitOnFlagUntilTimeout
                0x0000000008002300       0x88 build/stm32f4xx_hal_uart.o
 .text.HAL_UART_Init
                0x0000000008002388       0x5e build/stm32f4xx_hal_uart.o
                0x0000000008002388                HAL_UART_Init
 .text.HAL_UART_Transmit
                0x00000000080023e6       0xd8 build/stm32f4xx_hal_uart.o
                0x00000000080023e6                HAL_UART_Transmit
 .text.HAL_UART_TxCpltCallback
                0x00000000080024be        0x2 build/stm32f4xx_hal_uart.o
                0x00000000080024be                HAL_UART_TxCpltCallback
 .text.UART_EndTransmit_IT
                0x00000000080024c0       0x1a build/stm32f4xx_hal_uart.o
 .text.HAL_UART_ErrorCallback
                0x00000000080024da        0x2 build/stm32f4xx_hal_uart.o
                0x00000000080024da                HAL_UART_ErrorCallback
 .text.UART_DMAAbortOnError
                0x00000000080024dc       0x10 build/stm32f4xx_hal_uart.o
 .text.HAL_UARTEx_RxEventCallback
                0x00000000080024ec        0x2 build/stm32f4xx_hal_uart.o
                0x00000000080024ec                HAL_UARTEx_RxEventCallback
 .text.UART_Receive_IT
                0x00000000080024ee       0xe2 build/stm32f4xx_hal_uart.o
 .text.HAL_UART_IRQHandler
                0x00000000080025d0      0x280 build/stm32f4xx_hal_uart.o
                0x00000000080025d0                HAL_UART_IRQHandler
 .text.UART_Start_Receive_IT
                0x0000000008002850       0x3a build/stm32f4xx_hal_uart.o
                0x0000000008002850                UART_Start_Receive_IT
 .text.HAL_UART_Receive_IT
                0x000000000800288a       0x38 build/stm32f4xx_hal_uart.o
                0x000000000800288a                HAL_UART_Receive_IT
 *fill*         0x00000000080028c2        0x2 
 .text.Reset_Handler
                0x00000000080028c4       0x50 build/startup_stm32f427xx.o
                0x00000000080028c4                Reset_Handler
 .text.Default_Handler
                0x0000000008002914        0x2 build/startup_stm32f427xx.o
                0x0000000008002914                RTC_Alarm_IRQHandler
                0x0000000008002914                HASH_RNG_IRQHandler
                0x0000000008002914                EXTI2_IRQHandler
                0x0000000008002914                TIM8_CC_IRQHandler
                0x0000000008002914                UART8_IRQHandler
                0x0000000008002914                SPI4_IRQHandler
                0x0000000008002914                TIM1_CC_IRQHandler
                0x0000000008002914                DMA2_Stream5_IRQHandler
                0x0000000008002914                DMA1_Stream5_IRQHandler
                0x0000000008002914                PVD_IRQHandler
                0x0000000008002914                SDIO_IRQHandler
                0x0000000008002914                TAMP_STAMP_IRQHandler
                0x0000000008002914                CAN2_RX1_IRQHandler
                0x0000000008002914                EXTI3_IRQHandler
                0x0000000008002914                TIM8_TRG_COM_TIM14_IRQHandler
                0x0000000008002914                TIM1_UP_TIM10_IRQHandler
                0x0000000008002914                TIM8_UP_TIM13_IRQHandler
                0x0000000008002914                I2C3_ER_IRQHandler
                0x0000000008002914                EXTI0_IRQHandler
                0x0000000008002914                I2C2_EV_IRQHandler
                0x0000000008002914                DMA1_Stream2_IRQHandler
                0x0000000008002914                CAN1_RX0_IRQHandler
                0x0000000008002914                FPU_IRQHandler
                0x0000000008002914                OTG_HS_WKUP_IRQHandler
                0x0000000008002914                CAN2_SCE_IRQHandler
                0x0000000008002914                DMA2_Stream2_IRQHandler
                0x0000000008002914                SPI1_IRQHandler
                0x0000000008002914                TIM6_DAC_IRQHandler
                0x0000000008002914                DCMI_IRQHandler
                0x0000000008002914                CAN2_RX0_IRQHandler
                0x0000000008002914                DMA2_Stream3_IRQHandler
                0x0000000008002914                USART6_IRQHandler
                0x0000000008002914                USART3_IRQHandler
                0x0000000008002914                CAN1_RX1_IRQHandler
                0x0000000008002914                UART5_IRQHandler
                0x0000000008002914                DMA2_Stream0_IRQHandler
                0x0000000008002914                TIM4_IRQHandler
                0x0000000008002914                I2C1_EV_IRQHandler
                0x0000000008002914                DMA1_Stream6_IRQHandler
                0x0000000008002914                DMA1_Stream1_IRQHandler
                0x0000000008002914                UART4_IRQHandler
                0x0000000008002914                TIM3_IRQHandler
                0x0000000008002914                RCC_IRQHandler
                0x0000000008002914                TIM8_BRK_TIM12_IRQHandler
                0x0000000008002914                Default_Handler
                0x0000000008002914                EXTI15_10_IRQHandler
                0x0000000008002914                ADC_IRQHandler
                0x0000000008002914                DMA1_Stream7_IRQHandler
                0x0000000008002914                SPI5_IRQHandler
                0x0000000008002914                TIM7_IRQHandler
                0x0000000008002914                CAN2_TX_IRQHandler
                0x0000000008002914                TIM5_IRQHandler
                0x0000000008002914                DMA2_Stream7_IRQHandler
                0x0000000008002914                I2C3_EV_IRQHandler
                0x0000000008002914                EXTI9_5_IRQHandler
                0x0000000008002914                RTC_WKUP_IRQHandler
                0x0000000008002914                ETH_WKUP_IRQHandler
                0x0000000008002914                SPI2_IRQHandler
                0x0000000008002914                OTG_HS_EP1_IN_IRQHandler
                0x0000000008002914                DMA1_Stream0_IRQHandler
                0x0000000008002914                CAN1_TX_IRQHandler
                0x0000000008002914                EXTI4_IRQHandler
                0x0000000008002914                ETH_IRQHandler
                0x0000000008002914                OTG_HS_EP1_OUT_IRQHandler
                0x0000000008002914                WWDG_IRQHandler
                0x0000000008002914                SPI6_IRQHandler
                0x0000000008002914                TIM2_IRQHandler
                0x0000000008002914                OTG_FS_WKUP_IRQHandler
                0x0000000008002914                TIM1_TRG_COM_TIM11_IRQHandler
                0x0000000008002914                OTG_HS_IRQHandler
                0x0000000008002914                DMA2D_IRQHandler
                0x0000000008002914                EXTI1_IRQHandler
                0x0000000008002914                USART2_IRQHandler
                0x0000000008002914                I2C2_ER_IRQHandler
                0x0000000008002914                DMA2_Stream1_IRQHandler
                0x0000000008002914                CAN1_SCE_IRQHandler
                0x0000000008002914                FLASH_IRQHandler
                0x0000000008002914                DMA2_Stream4_IRQHandler
                0x0000000008002914                USART1_IRQHandler
                0x0000000008002914                OTG_FS_IRQHandler
                0x0000000008002914                SPI3_IRQHandler
                0x0000000008002914                DMA1_Stream4_IRQHandler
                0x0000000008002914                I2C1_ER_IRQHandler
                0x0000000008002914                FMC_IRQHandler
                0x0000000008002914                DMA2_Stream6_IRQHandler
                0x0000000008002914                SAI1_IRQHandler
                0x0000000008002914                DMA1_Stream3_IRQHandler
 *fill*         0x0000000008002916        0x2 
 .text.__libc_init_array
                0x0000000008002918       0x48 /home/ikemura/Robotics/Embedded/gcc-arm-none-eabi-10.3-2021.10/bin/../lib/gcc/arm-none-eabi/10.3.1/../../../../arm-none-eabi/lib/thumb/v7e-m+fp/hard/libc_nano.a(lib_a-init.o)
                0x0000000008002918                __libc_init_array
 .text.memset   0x0000000008002960       0x10 /home/ikemura/Robotics/Embedded/gcc-arm-none-eabi-10.3-2021.10/bin/../lib/gcc/arm-none-eabi/10.3.1/../../../../arm-none-eabi/lib/thumb/v7e-m+fp/hard/libc_nano.a(lib_a-memset.o)
                0x0000000008002960                memset
 *(.glue_7)
 .glue_7        0x0000000008002970        0x0 linker stubs
 *(.glue_7t)
 .glue_7t       0x0000000008002970        0x0 linker stubs
 *(.eh_frame)
 .eh_frame      0x0000000008002970        0x0 /home/ikemura/Robotics/Embedded/gcc-arm-none-eabi-10.3-2021.10/bin/../lib/gcc/arm-none-eabi/10.3.1/thumb/v7e-m+fp/hard/crtbegin.o
 *(.init)
 .init          0x0000000008002970        0x4 /home/ikemura/Robotics/Embedded/gcc-arm-none-eabi-10.3-2021.10/bin/../lib/gcc/arm-none-eabi/10.3.1/thumb/v7e-m+fp/hard/crti.o
                0x0000000008002970                _init
 .init          0x0000000008002974        0x8 /home/ikemura/Robotics/Embedded/gcc-arm-none-eabi-10.3-2021.10/bin/../lib/gcc/arm-none-eabi/10.3.1/thumb/v7e-m+fp/hard/crtn.o
 *(.fini)
 .fini          0x000000000800297c        0x4 /home/ikemura/Robotics/Embedded/gcc-arm-none-eabi-10.3-2021.10/bin/../lib/gcc/arm-none-eabi/10.3.1/thumb/v7e-m+fp/hard/crti.o
                0x000000000800297c                _fini
 .fini          0x0000000008002980        0x8 /home/ikemura/Robotics/Embedded/gcc-arm-none-eabi-10.3-2021.10/bin/../lib/gcc/arm-none-eabi/10.3.1/thumb/v7e-m+fp/hard/crtn.o
                0x0000000008002988                . = ALIGN (0x4)
                0x0000000008002988                _etext = .

.vfp11_veneer   0x0000000008002988        0x0
 .vfp11_veneer  0x0000000008002988        0x0 linker stubs

.v4_bx          0x0000000008002988        0x0
 .v4_bx         0x0000000008002988        0x0 linker stubs

.iplt           0x0000000008002988        0x0
 .iplt          0x0000000008002988        0x0 /home/ikemura/Robotics/Embedded/gcc-arm-none-eabi-10.3-2021.10/bin/../lib/gcc/arm-none-eabi/10.3.1/thumb/v7e-m+fp/hard/crtbegin.o

.rodata         0x0000000008002988       0x18
                0x0000000008002988                . = ALIGN (0x4)
 *(.rodata)
 *(.rodata*)
 .rodata.AHBPrescTable
                0x0000000008002988       0x10 build/system_stm32f4xx.o
                0x0000000008002988                AHBPrescTable
 .rodata.APBPrescTable
                0x0000000008002998        0x8 build/system_stm32f4xx.o
                0x0000000008002998                APBPrescTable
                0x00000000080029a0                . = ALIGN (0x4)

.ARM.extab
 *(.ARM.extab* .gnu.linkonce.armextab.*)

.ARM            0x00000000080029a0        0x8
                0x00000000080029a0                __exidx_start = .
 *(.ARM.exidx*)
 .ARM.exidx     0x00000000080029a0        0x8 /home/ikemura/Robotics/Embedded/gcc-arm-none-eabi-10.3-2021.10/bin/../lib/gcc/arm-none-eabi/10.3.1/thumb/v7e-m+fp/hard/libgcc.a(_udivmoddi4.o)
                0x00000000080029a8                __exidx_end = .

.rel.dyn        0x00000000080029a8        0x0
 .rel.iplt      0x00000000080029a8        0x0 /home/ikemura/Robotics/Embedded/gcc-arm-none-eabi-10.3-2021.10/bin/../lib/gcc/arm-none-eabi/10.3.1/thumb/v7e-m+fp/hard/crtbegin.o

.preinit_array  0x00000000080029a8        0x0
                0x00000000080029a8                PROVIDE (__preinit_array_start = .)
 *(.preinit_array*)
                0x00000000080029a8                PROVIDE (__preinit_array_end = .)

.init_array     0x00000000080029a8        0x4
                0x00000000080029a8                PROVIDE (__init_array_start = .)
 *(SORT_BY_NAME(.init_array.*))
 *(.init_array*)
 .init_array    0x00000000080029a8        0x4 /home/ikemura/Robotics/Embedded/gcc-arm-none-eabi-10.3-2021.10/bin/../lib/gcc/arm-none-eabi/10.3.1/thumb/v7e-m+fp/hard/crtbegin.o
                0x00000000080029ac                PROVIDE (__init_array_end = .)

.fini_array     0x00000000080029ac        0x4
                [!provide]                        PROVIDE (__fini_array_start = .)
 *(SORT_BY_NAME(.fini_array.*))
 *(.fini_array*)
 .fini_array    0x00000000080029ac        0x4 /home/ikemura/Robotics/Embedded/gcc-arm-none-eabi-10.3-2021.10/bin/../lib/gcc/arm-none-eabi/10.3.1/thumb/v7e-m+fp/hard/crtbegin.o
                [!provide]                        PROVIDE (__fini_array_end = .)
                0x00000000080029b0                _sidata = LOADADDR (.data)

.data           0x0000000020000000       0x8c load address 0x00000000080029b0
                0x0000000020000000                . = ALIGN (0x4)
                0x0000000020000000                _sdata = .
 *(.data)
 *(.data*)
 .data.legs     0x0000000020000000       0x40 build/main.o
                0x0000000020000000                legs
 .data.wrists   0x0000000020000040       0x40 build/main.o
                0x0000000020000040                wrists
 .data.uwTickFreq
                0x0000000020000080        0x1 build/stm32f4xx_hal.o
                0x0000000020000080                uwTickFreq
 *fill*         0x0000000020000081        0x3 
 .data.uwTickPrio
                0x0000000020000084        0x4 build/stm32f4xx_hal.o
                0x0000000020000084                uwTickPrio
 .data.SystemCoreClock
                0x0000000020000088        0x4 build/system_stm32f4xx.o
                0x0000000020000088                SystemCoreClock
                0x000000002000008c                . = ALIGN (0x4)
                0x000000002000008c                _edata = .
                0x0000000008002a3c                _siccmram = LOADADDR (.ccmram)

.igot.plt       0x000000002000008c        0x0 load address 0x0000000008002a3c
 .igot.plt      0x000000002000008c        0x0 /home/ikemura/Robotics/Embedded/gcc-arm-none-eabi-10.3-2021.10/bin/../lib/gcc/arm-none-eabi/10.3.1/thumb/v7e-m+fp/hard/crtbegin.o

.ccmram         0x0000000010000000        0x0 load address 0x0000000008002a3c
                0x0000000010000000                . = ALIGN (0x4)
                0x0000000010000000                _sccmram = .
 *(.ccmram)
 *(.ccmram*)
                0x0000000010000000                . = ALIGN (0x4)
                0x0000000010000000                _eccmram = .
                0x0000000010000000                . = ALIGN (0x4)

.bss            0x0000000020000090      0x178
                0x0000000020000090                _sbss = .
                0x0000000020000090                __bss_start__ = _sbss
 *(.bss)
 .bss           0x0000000020000090       0x1c /home/ikemura/Robotics/Embedded/gcc-arm-none-eabi-10.3-2021.10/bin/../lib/gcc/arm-none-eabi/10.3.1/thumb/v7e-m+fp/hard/crtbegin.o
 *(.bss*)
 .bss.calibSetPulse.3
                0x00000000200000ac       0x10 build/main.o
 *fill*         0x00000000200000bc        0x4 
 .bss.cnt.1     0x00000000200000c0        0x8 build/main.o
 .bss.counter   0x00000000200000c8        0x4 build/main.o
 .bss.heartBeat.0
                0x00000000200000cc        0x1 build/main.o
 *fill*         0x00000000200000cd        0x3 
 .bss.htim4     0x00000000200000d0       0x48 build/main.o
                0x00000000200000d0                htim4
 .bss.htim5     0x0000000020000118       0x48 build/main.o
                0x0000000020000118                htim5
 .bss.htim9     0x0000000020000160       0x48 build/main.o
                0x0000000020000160                htim9
 .bss.huart7    0x00000000200001a8       0x44 build/main.o
                0x00000000200001a8                huart7
 .bss.rx        0x00000000200001ec        0xf build/main.o
 *fill*         0x00000000200001fb        0x1 
 .bss.setAngle.2
                0x00000000200001fc        0x8 build/main.o
 .bss.uwTick    0x0000000020000204        0x4 build/stm32f4xx_hal.o
                0x0000000020000204                uwTick
 *(COMMON)
                0x0000000020000208                . = ALIGN (0x4)
                0x0000000020000208                _ebss = .
                0x0000000020000208                __bss_end__ = _ebss

._user_heap_stack
                0x0000000020000208      0x600
                0x0000000020000208                . = ALIGN (0x8)
                [!provide]                        PROVIDE (end = .)
                [!provide]                        PROVIDE (_end = .)
                0x0000000020000408                . = (. + _Min_Heap_Size)
 *fill*         0x0000000020000208      0x200 
                0x0000000020000808                . = (. + _Min_Stack_Size)
 *fill*         0x0000000020000408      0x400 
                0x0000000020000808                . = ALIGN (0x8)

/DISCARD/
 libc.a(*)
 libm.a(*)
 libgcc.a(*)

.ARM.attributes
                0x0000000000000000       0x30
 *(.ARM.attributes)
 .ARM.attributes
                0x0000000000000000       0x1e /home/ikemura/Robotics/Embedded/gcc-arm-none-eabi-10.3-2021.10/bin/../lib/gcc/arm-none-eabi/10.3.1/thumb/v7e-m+fp/hard/crti.o
 .ARM.attributes
                0x000000000000001e       0x34 /home/ikemura/Robotics/Embedded/gcc-arm-none-eabi-10.3-2021.10/bin/../lib/gcc/arm-none-eabi/10.3.1/thumb/v7e-m+fp/hard/crtbegin.o
 .ARM.attributes
                0x0000000000000052       0x34 build/main.o
 .ARM.attributes
                0x0000000000000086       0x34 build/stm32f4xx_it.o
 .ARM.attributes
                0x00000000000000ba       0x34 build/stm32f4xx_hal_msp.o
 .ARM.attributes
                0x00000000000000ee       0x34 build/stm32f4xx_hal_tim.o
 .ARM.attributes
                0x0000000000000122       0x34 build/stm32f4xx_hal_tim_ex.o
 .ARM.attributes
                0x0000000000000156       0x34 build/stm32f4xx_hal_rcc.o
 .ARM.attributes
                0x000000000000018a       0x34 build/stm32f4xx_hal_gpio.o
 .ARM.attributes
                0x00000000000001be       0x34 build/stm32f4xx_hal_dma.o
 .ARM.attributes
                0x00000000000001f2       0x34 build/stm32f4xx_hal_cortex.o
 .ARM.attributes
                0x0000000000000226       0x34 build/stm32f4xx_hal.o
 .ARM.attributes
                0x000000000000025a       0x34 build/system_stm32f4xx.o
 .ARM.attributes
                0x000000000000028e       0x34 build/stm32f4xx_hal_uart.o
 .ARM.attributes
                0x00000000000002c2       0x21 build/startup_stm32f427xx.o
 .ARM.attributes
                0x00000000000002e3       0x34 /home/ikemura/Robotics/Embedded/gcc-arm-none-eabi-10.3-2021.10/bin/../lib/gcc/arm-none-eabi/10.3.1/../../../../arm-none-eabi/lib/thumb/v7e-m+fp/hard/libc_nano.a(lib_a-init.o)
 .ARM.attributes
                0x0000000000000317       0x34 /home/ikemura/Robotics/Embedded/gcc-arm-none-eabi-10.3-2021.10/bin/../lib/gcc/arm-none-eabi/10.3.1/../../../../arm-none-eabi/lib/thumb/v7e-m+fp/hard/libc_nano.a(lib_a-memset.o)
 .ARM.attributes
                0x000000000000034b       0x1e /home/ikemura/Robotics/Embedded/gcc-arm-none-eabi-10.3-2021.10/bin/../lib/gcc/arm-none-eabi/10.3.1/thumb/v7e-m+fp/hard/libgcc.a(_aeabi_uldivmod.o)
 .ARM.attributes
                0x0000000000000369       0x34 /home/ikemura/Robotics/Embedded/gcc-arm-none-eabi-10.3-2021.10/bin/../lib/gcc/arm-none-eabi/10.3.1/thumb/v7e-m+fp/hard/libgcc.a(_udivmoddi4.o)
 .ARM.attributes
                0x000000000000039d       0x1e /home/ikemura/Robotics/Embedded/gcc-arm-none-eabi-10.3-2021.10/bin/../lib/gcc/arm-none-eabi/10.3.1/thumb/v7e-m+fp/hard/libgcc.a(_dvmd_tls.o)
 .ARM.attributes
                0x00000000000003bb       0x1e /home/ikemura/Robotics/Embedded/gcc-arm-none-eabi-10.3-2021.10/bin/../lib/gcc/arm-none-eabi/10.3.1/thumb/v7e-m+fp/hard/crtn.o
OUTPUT(build/SPIDER_BOT_EMBEDDED.elf elf32-littlearm)
LOAD linker stubs
LOAD /home/ikemura/Robotics/Embedded/gcc-arm-none-eabi-10.3-2021.10/bin/../lib/gcc/arm-none-eabi/10.3.1/../../../../arm-none-eabi/lib/thumb/v7e-m+fp/hard/libc.a
LOAD /home/ikemura/Robotics/Embedded/gcc-arm-none-eabi-10.3-2021.10/bin/../lib/gcc/arm-none-eabi/10.3.1/../../../../arm-none-eabi/lib/thumb/v7e-m+fp/hard/libm.a
LOAD /home/ikemura/Robotics/Embedded/gcc-arm-none-eabi-10.3-2021.10/bin/../lib/gcc/arm-none-eabi/10.3.1/thumb/v7e-m+fp/hard/libgcc.a

.debug_info     0x0000000000000000    0x11de7
 .debug_info    0x0000000000000000     0x1c03 build/main.o
 .debug_info    0x0000000000001c03      0xaf2 build/stm32f4xx_it.o
 .debug_info    0x00000000000026f5     0x131f build/stm32f4xx_hal_msp.o
 .debug_info    0x0000000000003a14     0x4061 build/stm32f4xx_hal_tim.o
 .debug_info    0x0000000000007a75     0x1c6a build/stm32f4xx_hal_tim_ex.o
 .debug_info    0x00000000000096df      0xc08 build/stm32f4xx_hal_rcc.o
 .debug_info    0x000000000000a2e7      0x86a build/stm32f4xx_hal_gpio.o
 .debug_info    0x000000000000ab51      0xbd1 build/stm32f4xx_hal_dma.o
 .debug_info    0x000000000000b722     0x119e build/stm32f4xx_hal_cortex.o
 .debug_info    0x000000000000c8c0      0xb49 build/stm32f4xx_hal.o
 .debug_info    0x000000000000d409      0x5d5 build/system_stm32f4xx.o
 .debug_info    0x000000000000d9de     0x43e7 build/stm32f4xx_hal_uart.o
 .debug_info    0x0000000000011dc5       0x22 build/startup_stm32f427xx.o

.debug_abbrev   0x0000000000000000     0x1dc0
 .debug_abbrev  0x0000000000000000      0x2e9 build/main.o
 .debug_abbrev  0x00000000000002e9      0x197 build/stm32f4xx_it.o
 .debug_abbrev  0x0000000000000480      0x244 build/stm32f4xx_hal_msp.o
 .debug_abbrev  0x00000000000006c4      0x282 build/stm32f4xx_hal_tim.o
 .debug_abbrev  0x0000000000000946      0x298 build/stm32f4xx_hal_tim_ex.o
 .debug_abbrev  0x0000000000000bde      0x2aa build/stm32f4xx_hal_rcc.o
 .debug_abbrev  0x0000000000000e88      0x22b build/stm32f4xx_hal_gpio.o
 .debug_abbrev  0x00000000000010b3      0x2ff build/stm32f4xx_hal_dma.o
 .debug_abbrev  0x00000000000013b2      0x382 build/stm32f4xx_hal_cortex.o
 .debug_abbrev  0x0000000000001734      0x209 build/stm32f4xx_hal.o
 .debug_abbrev  0x000000000000193d      0x11b build/system_stm32f4xx.o
 .debug_abbrev  0x0000000000001a58      0x356 build/stm32f4xx_hal_uart.o
 .debug_abbrev  0x0000000000001dae       0x12 build/startup_stm32f427xx.o

.debug_loc      0x0000000000000000     0xf7c8
 .debug_loc     0x0000000000000000      0x2de build/main.o
 .debug_loc     0x00000000000002de       0x60 build/stm32f4xx_it.o
 .debug_loc     0x000000000000033e      0x2ae build/stm32f4xx_hal_msp.o
 .debug_loc     0x00000000000005ec     0x5ba0 build/stm32f4xx_hal_tim.o
 .debug_loc     0x000000000000618c     0x2137 build/stm32f4xx_hal_tim_ex.o
 .debug_loc     0x00000000000082c3      0x6e4 build/stm32f4xx_hal_rcc.o
 .debug_loc     0x00000000000089a7      0x5e8 build/stm32f4xx_hal_gpio.o
 .debug_loc     0x0000000000008f8f      0xd6d build/stm32f4xx_hal_dma.o
 .debug_loc     0x0000000000009cfc      0x7a4 build/stm32f4xx_hal_cortex.o
 .debug_loc     0x000000000000a4a0      0x1e1 build/stm32f4xx_hal.o
 .debug_loc     0x000000000000a681      0x158 build/system_stm32f4xx.o
 .debug_loc     0x000000000000a7d9     0x4fef build/stm32f4xx_hal_uart.o

.debug_aranges  0x0000000000000000      0xbe0
 .debug_aranges
                0x0000000000000000       0x78 build/main.o
 .debug_aranges
                0x0000000000000078       0x70 build/stm32f4xx_it.o
 .debug_aranges
                0x00000000000000e8       0x58 build/stm32f4xx_hal_msp.o
 .debug_aranges
                0x0000000000000140      0x3d0 build/stm32f4xx_hal_tim.o
 .debug_aranges
                0x0000000000000510      0x168 build/stm32f4xx_hal_tim_ex.o
 .debug_aranges
                0x0000000000000678       0x88 build/stm32f4xx_hal_rcc.o
 .debug_aranges
                0x0000000000000700       0x58 build/stm32f4xx_hal_gpio.o
 .debug_aranges
                0x0000000000000758       0x90 build/stm32f4xx_hal_dma.o
 .debug_aranges
                0x00000000000007e8       0xa8 build/stm32f4xx_hal_cortex.o
 .debug_aranges
                0x0000000000000890      0x100 build/stm32f4xx_hal.o
 .debug_aranges
                0x0000000000000990       0x28 build/system_stm32f4xx.o
 .debug_aranges
                0x00000000000009b8      0x200 build/stm32f4xx_hal_uart.o
 .debug_aranges
                0x0000000000000bb8       0x28 build/startup_stm32f427xx.o

.debug_ranges   0x0000000000000000      0xba8
 .debug_ranges  0x0000000000000000       0x68 build/main.o
 .debug_ranges  0x0000000000000068       0x60 build/stm32f4xx_it.o
 .debug_ranges  0x00000000000000c8       0x48 build/stm32f4xx_hal_msp.o
 .debug_ranges  0x0000000000000110      0x3c0 build/stm32f4xx_hal_tim.o
 .debug_ranges  0x00000000000004d0      0x158 build/stm32f4xx_hal_tim_ex.o
 .debug_ranges  0x0000000000000628       0x90 build/stm32f4xx_hal_rcc.o
 .debug_ranges  0x00000000000006b8       0x48 build/stm32f4xx_hal_gpio.o
 .debug_ranges  0x0000000000000700       0x80 build/stm32f4xx_hal_dma.o
 .debug_ranges  0x0000000000000780       0xf8 build/stm32f4xx_hal_cortex.o
 .debug_ranges  0x0000000000000878       0xf0 build/stm32f4xx_hal.o
 .debug_ranges  0x0000000000000968       0x18 build/system_stm32f4xx.o
 .debug_ranges  0x0000000000000980      0x208 build/stm32f4xx_hal_uart.o
 .debug_ranges  0x0000000000000b88       0x20 build/startup_stm32f427xx.o

.debug_line     0x0000000000000000     0xeebd
 .debug_line    0x0000000000000000      0x91e build/main.o
 .debug_line    0x000000000000091e      0x318 build/stm32f4xx_it.o
 .debug_line    0x0000000000000c36      0x454 build/stm32f4xx_hal_msp.o
 .debug_line    0x000000000000108a     0x4aba build/stm32f4xx_hal_tim.o
 .debug_line    0x0000000000005b44     0x1cde build/stm32f4xx_hal_tim_ex.o
 .debug_line    0x0000000000007822      0xb27 build/stm32f4xx_hal_rcc.o
 .debug_line    0x0000000000008349      0x70e build/stm32f4xx_hal_gpio.o
 .debug_line    0x0000000000008a57      0xe3d build/stm32f4xx_hal_dma.o
 .debug_line    0x0000000000009894      0x790 build/stm32f4xx_hal_cortex.o
 .debug_line    0x000000000000a024      0x5b5 build/stm32f4xx_hal.o
 .debug_line    0x000000000000a5d9      0x268 build/system_stm32f4xx.o
 .debug_line    0x000000000000a841     0x4606 build/stm32f4xx_hal_uart.o
 .debug_line    0x000000000000ee47       0x76 build/startup_stm32f427xx.o

.debug_str      0x0000000000000000     0x3c60
 .debug_str     0x0000000000000000      0xea5 build/main.o
                                        0xf93 (size before relaxing)
 .debug_str     0x0000000000000ea5      0x105 build/stm32f4xx_it.o
                                        0x9b6 (size before relaxing)
 .debug_str     0x0000000000000faa      0x63d build/stm32f4xx_hal_msp.o
                                       0x108c (size before relaxing)
 .debug_str     0x00000000000015e7      0xd97 build/stm32f4xx_hal_tim.o
                                       0x16b2 (size before relaxing)
 .debug_str     0x000000000000237e      0x521 build/stm32f4xx_hal_tim_ex.o
                                        0xeb3 (size before relaxing)
 .debug_str     0x000000000000289f      0x213 build/stm32f4xx_hal_rcc.o
                                        0x712 (size before relaxing)
 .debug_str     0x0000000000002ab2      0x112 build/stm32f4xx_hal_gpio.o
                                        0x4ec (size before relaxing)
 .debug_str     0x0000000000002bc4      0x2e4 build/stm32f4xx_hal_dma.o
                                        0x76f (size before relaxing)
 .debug_str     0x0000000000002ea8      0x4d5 build/stm32f4xx_hal_cortex.o
                                        0xc72 (size before relaxing)
 .debug_str     0x000000000000337d      0x2d0 build/stm32f4xx_hal.o
                                        0xbee (size before relaxing)
 .debug_str     0x000000000000364d       0x47 build/system_stm32f4xx.o
                                        0x381 (size before relaxing)
 .debug_str     0x0000000000003694      0x5a8 build/stm32f4xx_hal_uart.o
                                        0xd52 (size before relaxing)
 .debug_str     0x0000000000003c3c       0x24 build/startup_stm32f427xx.o
                                         0x63 (size before relaxing)

.comment        0x0000000000000000       0x49
 .comment       0x0000000000000000       0x49 build/main.o
                                         0x4a (size before relaxing)
 .comment       0x0000000000000049       0x4a build/stm32f4xx_it.o
 .comment       0x0000000000000049       0x4a build/stm32f4xx_hal_msp.o
 .comment       0x0000000000000049       0x4a build/stm32f4xx_hal_tim.o
 .comment       0x0000000000000049       0x4a build/stm32f4xx_hal_tim_ex.o
 .comment       0x0000000000000049       0x4a build/stm32f4xx_hal_rcc.o
 .comment       0x0000000000000049       0x4a build/stm32f4xx_hal_gpio.o
 .comment       0x0000000000000049       0x4a build/stm32f4xx_hal_dma.o
 .comment       0x0000000000000049       0x4a build/stm32f4xx_hal_cortex.o
 .comment       0x0000000000000049       0x4a build/stm32f4xx_hal.o
 .comment       0x0000000000000049       0x4a build/system_stm32f4xx.o
 .comment       0x0000000000000049       0x4a build/stm32f4xx_hal_uart.o

.debug_frame    0x0000000000000000     0x1ff8
 .debug_frame   0x0000000000000000      0x15c build/main.o
 .debug_frame   0x000000000000015c       0xd8 build/stm32f4xx_it.o
 .debug_frame   0x0000000000000234       0xe4 build/stm32f4xx_hal_msp.o
 .debug_frame   0x0000000000000318      0xb0c build/stm32f4xx_hal_tim.o
 .debug_frame   0x0000000000000e24      0x40c build/stm32f4xx_hal_tim_ex.o
 .debug_frame   0x0000000000001230      0x16c build/stm32f4xx_hal_rcc.o
 .debug_frame   0x000000000000139c       0xd8 build/stm32f4xx_hal_gpio.o
 .debug_frame   0x0000000000001474      0x188 build/stm32f4xx_hal_dma.o
 .debug_frame   0x00000000000015fc      0x148 build/stm32f4xx_hal_cortex.o
 .debug_frame   0x0000000000001744      0x20c build/stm32f4xx_hal.o
 .debug_frame   0x0000000000001950       0x30 build/system_stm32f4xx.o
 .debug_frame   0x0000000000001980      0x5cc build/stm32f4xx_hal_uart.o
 .debug_frame   0x0000000000001f4c       0x2c /home/ikemura/Robotics/Embedded/gcc-arm-none-eabi-10.3-2021.10/bin/../lib/gcc/arm-none-eabi/10.3.1/../../../../arm-none-eabi/lib/thumb/v7e-m+fp/hard/libc_nano.a(lib_a-init.o)
 .debug_frame   0x0000000000001f78       0x20 /home/ikemura/Robotics/Embedded/gcc-arm-none-eabi-10.3-2021.10/bin/../lib/gcc/arm-none-eabi/10.3.1/../../../../arm-none-eabi/lib/thumb/v7e-m+fp/hard/libc_nano.a(lib_a-memset.o)
 .debug_frame   0x0000000000001f98       0x2c /home/ikemura/Robotics/Embedded/gcc-arm-none-eabi-10.3-2021.10/bin/../lib/gcc/arm-none-eabi/10.3.1/thumb/v7e-m+fp/hard/libgcc.a(_aeabi_uldivmod.o)
 .debug_frame   0x0000000000001fc4       0x34 /home/ikemura/Robotics/Embedded/gcc-arm-none-eabi-10.3-2021.10/bin/../lib/gcc/arm-none-eabi/10.3.1/thumb/v7e-m+fp/hard/libgcc.a(_udivmoddi4.o)

Cross Reference Table

Symbol                                            File
ADC_IRQHandler                                    build/startup_stm32f427xx.o
AHBPrescTable                                     build/system_stm32f4xx.o
                                                  build/stm32f4xx_hal_rcc.o
APBPrescTable                                     build/system_stm32f4xx.o
                                                  build/stm32f4xx_hal_rcc.o
BusFault_Handler                                  build/stm32f4xx_it.o
CAN1_RX0_IRQHandler                               build/startup_stm32f427xx.o
CAN1_RX1_IRQHandler                               build/startup_stm32f427xx.o
CAN1_SCE_IRQHandler                               build/startup_stm32f427xx.o
CAN1_TX_IRQHandler                                build/startup_stm32f427xx.o
CAN2_RX0_IRQHandler                               build/startup_stm32f427xx.o
CAN2_RX1_IRQHandler                               build/startup_stm32f427xx.o
CAN2_SCE_IRQHandler                               build/startup_stm32f427xx.o
CAN2_TX_IRQHandler                                build/startup_stm32f427xx.o
DCMI_IRQHandler                                   build/startup_stm32f427xx.o
DMA1_Stream0_IRQHandler                           build/startup_stm32f427xx.o
DMA1_Stream1_IRQHandler                           build/startup_stm32f427xx.o
DMA1_Stream2_IRQHandler                           build/startup_stm32f427xx.o
DMA1_Stream3_IRQHandler                           build/startup_stm32f427xx.o
DMA1_Stream4_IRQHandler                           build/startup_stm32f427xx.o
DMA1_Stream5_IRQHandler                           build/startup_stm32f427xx.o
DMA1_Stream6_IRQHandler                           build/startup_stm32f427xx.o
DMA1_Stream7_IRQHandler                           build/startup_stm32f427xx.o
DMA2D_IRQHandler                                  build/startup_stm32f427xx.o
DMA2_Stream0_IRQHandler                           build/startup_stm32f427xx.o
DMA2_Stream1_IRQHandler                           build/startup_stm32f427xx.o
DMA2_Stream2_IRQHandler                           build/startup_stm32f427xx.o
DMA2_Stream3_IRQHandler                           build/startup_stm32f427xx.o
DMA2_Stream4_IRQHandler                           build/startup_stm32f427xx.o
DMA2_Stream5_IRQHandler                           build/startup_stm32f427xx.o
DMA2_Stream6_IRQHandler                           build/startup_stm32f427xx.o
DMA2_Stream7_IRQHandler                           build/startup_stm32f427xx.o
DebugMon_Handler                                  build/stm32f4xx_it.o
Default_Handler                                   build/startup_stm32f427xx.o
ETH_IRQHandler                                    build/startup_stm32f427xx.o
ETH_WKUP_IRQHandler                               build/startup_stm32f427xx.o
EXTI0_IRQHandler                                  build/startup_stm32f427xx.o
EXTI15_10_IRQHandler                              build/startup_stm32f427xx.o
EXTI1_IRQHandler                                  build/startup_stm32f427xx.o
EXTI2_IRQHandler                                  build/startup_stm32f427xx.o
EXTI3_IRQHandler                                  build/startup_stm32f427xx.o
EXTI4_IRQHandler                                  build/startup_stm32f427xx.o
EXTI9_5_IRQHandler                                build/startup_stm32f427xx.o
Error_Handler                                     build/main.o
FLASH_Erase_Sector                                build/stm32f4xx_hal_flash_ex.o
                                                  build/stm32f4xx_hal_flash.o
FLASH_FlushCaches                                 build/stm32f4xx_hal_flash_ex.o
                                                  build/stm32f4xx_hal_flash.o
FLASH_IRQHandler                                  build/startup_stm32f427xx.o
FLASH_WaitForLastOperation                        build/stm32f4xx_hal_flash.o
                                                  build/stm32f4xx_hal_flash_ex.o
FMC_IRQHandler                                    build/startup_stm32f427xx.o
FPU_IRQHandler                                    build/startup_stm32f427xx.o
HAL_DBGMCU_DisableDBGSleepMode                    build/stm32f4xx_hal.o
HAL_DBGMCU_DisableDBGStandbyMode                  build/stm32f4xx_hal.o
HAL_DBGMCU_DisableDBGStopMode                     build/stm32f4xx_hal.o
HAL_DBGMCU_EnableDBGSleepMode                     build/stm32f4xx_hal.o
HAL_DBGMCU_EnableDBGStandbyMode                   build/stm32f4xx_hal.o
HAL_DBGMCU_EnableDBGStopMode                      build/stm32f4xx_hal.o
HAL_DMAEx_ChangeMemory                            build/stm32f4xx_hal_dma_ex.o
HAL_DMAEx_MultiBufferStart                        build/stm32f4xx_hal_dma_ex.o
HAL_DMAEx_MultiBufferStart_IT                     build/stm32f4xx_hal_dma_ex.o
HAL_DMA_Abort                                     build/stm32f4xx_hal_dma.o
                                                  build/stm32f4xx_hal_uart.o
HAL_DMA_Abort_IT                                  build/stm32f4xx_hal_dma.o
                                                  build/stm32f4xx_hal_uart.o
                                                  build/stm32f4xx_hal_tim_ex.o
                                                  build/stm32f4xx_hal_tim.o
HAL_DMA_DeInit                                    build/stm32f4xx_hal_dma.o
HAL_DMA_GetError                                  build/stm32f4xx_hal_dma.o
                                                  build/stm32f4xx_hal_uart.o
HAL_DMA_GetState                                  build/stm32f4xx_hal_dma.o
HAL_DMA_IRQHandler                                build/stm32f4xx_hal_dma.o
HAL_DMA_Init                                      build/stm32f4xx_hal_dma.o
HAL_DMA_PollForTransfer                           build/stm32f4xx_hal_dma.o
HAL_DMA_RegisterCallback                          build/stm32f4xx_hal_dma.o
HAL_DMA_Start                                     build/stm32f4xx_hal_dma.o
HAL_DMA_Start_IT                                  build/stm32f4xx_hal_dma.o
                                                  build/stm32f4xx_hal_uart.o
                                                  build/stm32f4xx_hal_tim_ex.o
                                                  build/stm32f4xx_hal_tim.o
HAL_DMA_UnRegisterCallback                        build/stm32f4xx_hal_dma.o
HAL_DeInit                                        build/stm32f4xx_hal.o
HAL_Delay                                         build/stm32f4xx_hal.o
                                                  build/main.o
HAL_DisableCompensationCell                       build/stm32f4xx_hal.o
HAL_DisableMemorySwappingBank                     build/stm32f4xx_hal.o
HAL_EXTI_ClearConfigLine                          build/stm32f4xx_hal_exti.o
HAL_EXTI_ClearPending                             build/stm32f4xx_hal_exti.o
HAL_EXTI_GenerateSWI                              build/stm32f4xx_hal_exti.o
HAL_EXTI_GetConfigLine                            build/stm32f4xx_hal_exti.o
HAL_EXTI_GetHandle                                build/stm32f4xx_hal_exti.o
HAL_EXTI_GetPending                               build/stm32f4xx_hal_exti.o
HAL_EXTI_IRQHandler                               build/stm32f4xx_hal_exti.o
HAL_EXTI_RegisterCallback                         build/stm32f4xx_hal_exti.o
HAL_EXTI_SetConfigLine                            build/stm32f4xx_hal_exti.o
HAL_EnableCompensationCell                        build/stm32f4xx_hal.o
HAL_EnableMemorySwappingBank                      build/stm32f4xx_hal.o
HAL_FLASHEx_AdvOBGetConfig                        build/stm32f4xx_hal_flash_ex.o
HAL_FLASHEx_AdvOBProgram                          build/stm32f4xx_hal_flash_ex.o
HAL_FLASHEx_Erase                                 build/stm32f4xx_hal_flash_ex.o
HAL_FLASHEx_Erase_IT                              build/stm32f4xx_hal_flash_ex.o
HAL_FLASHEx_OBGetConfig                           build/stm32f4xx_hal_flash_ex.o
HAL_FLASHEx_OBProgram                             build/stm32f4xx_hal_flash_ex.o
HAL_FLASHEx_OB_DeSelectPCROP                      build/stm32f4xx_hal_flash_ex.o
HAL_FLASHEx_OB_GetBank2WRP                        build/stm32f4xx_hal_flash_ex.o
HAL_FLASHEx_OB_SelectPCROP                        build/stm32f4xx_hal_flash_ex.o
HAL_FLASH_EndOfOperationCallback                  build/stm32f4xx_hal_flash.o
HAL_FLASH_GetError                                build/stm32f4xx_hal_flash.o
HAL_FLASH_IRQHandler                              build/stm32f4xx_hal_flash.o
HAL_FLASH_Lock                                    build/stm32f4xx_hal_flash.o
HAL_FLASH_OB_Launch                               build/stm32f4xx_hal_flash.o
HAL_FLASH_OB_Lock                                 build/stm32f4xx_hal_flash.o
HAL_FLASH_OB_Unlock                               build/stm32f4xx_hal_flash.o
HAL_FLASH_OperationErrorCallback                  build/stm32f4xx_hal_flash.o
HAL_FLASH_Program                                 build/stm32f4xx_hal_flash.o
HAL_FLASH_Program_IT                              build/stm32f4xx_hal_flash.o
HAL_FLASH_Unlock                                  build/stm32f4xx_hal_flash.o
HAL_GPIO_DeInit                                   build/stm32f4xx_hal_gpio.o
                                                  build/stm32f4xx_hal_msp.o
HAL_GPIO_EXTI_Callback                            build/stm32f4xx_hal_gpio.o
HAL_GPIO_EXTI_IRQHandler                          build/stm32f4xx_hal_gpio.o
HAL_GPIO_Init                                     build/stm32f4xx_hal_gpio.o
                                                  build/stm32f4xx_hal_rcc.o
                                                  build/stm32f4xx_hal_msp.o
                                                  build/main.o
HAL_GPIO_LockPin                                  build/stm32f4xx_hal_gpio.o
HAL_GPIO_ReadPin                                  build/stm32f4xx_hal_gpio.o
HAL_GPIO_TogglePin                                build/stm32f4xx_hal_gpio.o
                                                  build/main.o
HAL_GPIO_WritePin                                 build/stm32f4xx_hal_gpio.o
                                                  build/main.o
HAL_GetDEVID                                      build/stm32f4xx_hal.o
HAL_GetHalVersion                                 build/stm32f4xx_hal.o
HAL_GetREVID                                      build/stm32f4xx_hal.o
HAL_GetTick                                       build/stm32f4xx_hal.o
                                                  build/stm32f4xx_hal_uart.o
                                                  build/stm32f4xx_hal_pwr_ex.o
                                                  build/stm32f4xx_hal_dma.o
                                                  build/stm32f4xx_hal_flash.o
                                                  build/stm32f4xx_hal_rcc_ex.o
                                                  build/stm32f4xx_hal_rcc.o
HAL_GetTickFreq                                   build/stm32f4xx_hal.o
HAL_GetTickPrio                                   build/stm32f4xx_hal.o
HAL_GetUIDw0                                      build/stm32f4xx_hal.o
HAL_GetUIDw1                                      build/stm32f4xx_hal.o
HAL_GetUIDw2                                      build/stm32f4xx_hal.o
HAL_HalfDuplex_EnableReceiver                     build/stm32f4xx_hal_uart.o
HAL_HalfDuplex_EnableTransmitter                  build/stm32f4xx_hal_uart.o
HAL_HalfDuplex_Init                               build/stm32f4xx_hal_uart.o
HAL_IncTick                                       build/stm32f4xx_hal.o
                                                  build/stm32f4xx_it.o
HAL_Init                                          build/stm32f4xx_hal.o
                                                  build/main.o
HAL_InitTick                                      build/stm32f4xx_hal.o
                                                  build/stm32f4xx_hal_rcc_ex.o
                                                  build/stm32f4xx_hal_rcc.o
HAL_LIN_Init                                      build/stm32f4xx_hal_uart.o
HAL_LIN_SendBreak                                 build/stm32f4xx_hal_uart.o
HAL_MPU_ConfigRegion                              build/stm32f4xx_hal_cortex.o
HAL_MPU_Disable                                   build/stm32f4xx_hal_cortex.o
HAL_MPU_Enable                                    build/stm32f4xx_hal_cortex.o
HAL_MspDeInit                                     build/stm32f4xx_hal.o
HAL_MspInit                                       build/stm32f4xx_hal_msp.o
HAL_MultiProcessor_EnterMuteMode                  build/stm32f4xx_hal_uart.o
HAL_MultiProcessor_ExitMuteMode                   build/stm32f4xx_hal_uart.o
HAL_MultiProcessor_Init                           build/stm32f4xx_hal_uart.o
HAL_NVIC_ClearPendingIRQ                          build/stm32f4xx_hal_cortex.o
HAL_NVIC_DisableIRQ                               build/stm32f4xx_hal_cortex.o
                                                  build/stm32f4xx_hal_msp.o
HAL_NVIC_EnableIRQ                                build/stm32f4xx_hal_cortex.o
                                                  build/stm32f4xx_hal_msp.o
HAL_NVIC_GetActive                                build/stm32f4xx_hal_cortex.o
HAL_NVIC_GetPendingIRQ                            build/stm32f4xx_hal_cortex.o
HAL_NVIC_GetPriority                              build/stm32f4xx_hal_cortex.o
HAL_NVIC_GetPriorityGrouping                      build/stm32f4xx_hal_cortex.o
HAL_NVIC_SetPendingIRQ                            build/stm32f4xx_hal_cortex.o
HAL_NVIC_SetPriority                              build/stm32f4xx_hal_cortex.o
                                                  build/stm32f4xx_hal.o
                                                  build/stm32f4xx_hal_msp.o
HAL_NVIC_SetPriorityGrouping                      build/stm32f4xx_hal_cortex.o
                                                  build/stm32f4xx_hal.o
HAL_NVIC_SystemReset                              build/stm32f4xx_hal_cortex.o
HAL_PWREx_ControlVoltageScaling                   build/stm32f4xx_hal_pwr_ex.o
HAL_PWREx_DisableBkUpReg                          build/stm32f4xx_hal_pwr_ex.o
HAL_PWREx_DisableFlashPowerDown                   build/stm32f4xx_hal_pwr_ex.o
HAL_PWREx_DisableOverDrive                        build/stm32f4xx_hal_pwr_ex.o
HAL_PWREx_EnableBkUpReg                           build/stm32f4xx_hal_pwr_ex.o
HAL_PWREx_EnableFlashPowerDown                    build/stm32f4xx_hal_pwr_ex.o
HAL_PWREx_EnableOverDrive                         build/stm32f4xx_hal_pwr_ex.o
HAL_PWREx_EnterUnderDriveSTOPMode                 build/stm32f4xx_hal_pwr_ex.o
HAL_PWREx_GetVoltageRange                         build/stm32f4xx_hal_pwr_ex.o
HAL_PWR_ConfigPVD                                 build/stm32f4xx_hal_pwr.o
HAL_PWR_DeInit                                    build/stm32f4xx_hal_pwr.o
HAL_PWR_DisableBkUpAccess                         build/stm32f4xx_hal_pwr.o
HAL_PWR_DisablePVD                                build/stm32f4xx_hal_pwr.o
HAL_PWR_DisableSEVOnPend                          build/stm32f4xx_hal_pwr.o
HAL_PWR_DisableSleepOnExit                        build/stm32f4xx_hal_pwr.o
HAL_PWR_DisableWakeUpPin                          build/stm32f4xx_hal_pwr.o
HAL_PWR_EnableBkUpAccess                          build/stm32f4xx_hal_pwr.o
HAL_PWR_EnablePVD                                 build/stm32f4xx_hal_pwr.o
HAL_PWR_EnableSEVOnPend                           build/stm32f4xx_hal_pwr.o
HAL_PWR_EnableSleepOnExit                         build/stm32f4xx_hal_pwr.o
HAL_PWR_EnableWakeUpPin                           build/stm32f4xx_hal_pwr.o
HAL_PWR_EnterSLEEPMode                            build/stm32f4xx_hal_pwr.o
HAL_PWR_EnterSTANDBYMode                          build/stm32f4xx_hal_pwr.o
HAL_PWR_EnterSTOPMode                             build/stm32f4xx_hal_pwr.o
HAL_PWR_PVDCallback                               build/stm32f4xx_hal_pwr.o
HAL_PWR_PVD_IRQHandler                            build/stm32f4xx_hal_pwr.o
HAL_RCCEx_DisablePLLI2S                           build/stm32f4xx_hal_rcc_ex.o
HAL_RCCEx_DisablePLLSAI                           build/stm32f4xx_hal_rcc_ex.o
HAL_RCCEx_EnablePLLI2S                            build/stm32f4xx_hal_rcc_ex.o
HAL_RCCEx_EnablePLLSAI                            build/stm32f4xx_hal_rcc_ex.o
HAL_RCCEx_GetPeriphCLKConfig                      build/stm32f4xx_hal_rcc_ex.o
HAL_RCCEx_GetPeriphCLKFreq                        build/stm32f4xx_hal_rcc_ex.o
HAL_RCCEx_PeriphCLKConfig                         build/stm32f4xx_hal_rcc_ex.o
HAL_RCC_CSSCallback                               build/stm32f4xx_hal_rcc.o
HAL_RCC_ClockConfig                               build/stm32f4xx_hal_rcc.o
                                                  build/main.o
HAL_RCC_DeInit                                    build/stm32f4xx_hal_rcc_ex.o
                                                  build/stm32f4xx_hal_rcc.o
HAL_RCC_DisableCSS                                build/stm32f4xx_hal_rcc.o
HAL_RCC_EnableCSS                                 build/stm32f4xx_hal_rcc.o
HAL_RCC_GetClockConfig                            build/stm32f4xx_hal_rcc.o
HAL_RCC_GetHCLKFreq                               build/stm32f4xx_hal_rcc.o
HAL_RCC_GetOscConfig                              build/stm32f4xx_hal_rcc.o
HAL_RCC_GetPCLK1Freq                              build/stm32f4xx_hal_rcc.o
                                                  build/stm32f4xx_hal_uart.o
HAL_RCC_GetPCLK2Freq                              build/stm32f4xx_hal_rcc.o
                                                  build/stm32f4xx_hal_uart.o
HAL_RCC_GetSysClockFreq                           build/stm32f4xx_hal_rcc.o
HAL_RCC_MCOConfig                                 build/stm32f4xx_hal_rcc.o
HAL_RCC_NMI_IRQHandler                            build/stm32f4xx_hal_rcc.o
HAL_RCC_OscConfig                                 build/stm32f4xx_hal_rcc.o
                                                  build/main.o
HAL_ResumeTick                                    build/stm32f4xx_hal.o
HAL_SYSTICK_CLKSourceConfig                       build/stm32f4xx_hal_cortex.o
HAL_SYSTICK_Callback                              build/stm32f4xx_hal_cortex.o
HAL_SYSTICK_Config                                build/stm32f4xx_hal_cortex.o
                                                  build/stm32f4xx_hal.o
HAL_SYSTICK_IRQHandler                            build/stm32f4xx_hal_cortex.o
HAL_SetTickFreq                                   build/stm32f4xx_hal.o
HAL_SuspendTick                                   build/stm32f4xx_hal.o
HAL_TIMEx_BreakCallback                           build/stm32f4xx_hal_tim_ex.o
                                                  build/stm32f4xx_hal_tim.o
HAL_TIMEx_CommutCallback                          build/stm32f4xx_hal_tim_ex.o
                                                  build/stm32f4xx_hal_tim.o
HAL_TIMEx_CommutHalfCpltCallback                  build/stm32f4xx_hal_tim_ex.o
HAL_TIMEx_ConfigBreakDeadTime                     build/stm32f4xx_hal_tim_ex.o
HAL_TIMEx_ConfigCommutEvent                       build/stm32f4xx_hal_tim_ex.o
HAL_TIMEx_ConfigCommutEvent_DMA                   build/stm32f4xx_hal_tim_ex.o
HAL_TIMEx_ConfigCommutEvent_IT                    build/stm32f4xx_hal_tim_ex.o
HAL_TIMEx_GetChannelNState                        build/stm32f4xx_hal_tim_ex.o
HAL_TIMEx_HallSensor_DeInit                       build/stm32f4xx_hal_tim_ex.o
HAL_TIMEx_HallSensor_GetState                     build/stm32f4xx_hal_tim_ex.o
HAL_TIMEx_HallSensor_Init                         build/stm32f4xx_hal_tim_ex.o
HAL_TIMEx_HallSensor_MspDeInit                    build/stm32f4xx_hal_tim_ex.o
HAL_TIMEx_HallSensor_MspInit                      build/stm32f4xx_hal_tim_ex.o
HAL_TIMEx_HallSensor_Start                        build/stm32f4xx_hal_tim_ex.o
HAL_TIMEx_HallSensor_Start_DMA                    build/stm32f4xx_hal_tim_ex.o
HAL_TIMEx_HallSensor_Start_IT                     build/stm32f4xx_hal_tim_ex.o
HAL_TIMEx_HallSensor_Stop                         build/stm32f4xx_hal_tim_ex.o
HAL_TIMEx_HallSensor_Stop_DMA                     build/stm32f4xx_hal_tim_ex.o
HAL_TIMEx_HallSensor_Stop_IT                      build/stm32f4xx_hal_tim_ex.o
HAL_TIMEx_MasterConfigSynchronization             build/stm32f4xx_hal_tim_ex.o
                                                  build/main.o
HAL_TIMEx_OCN_Start                               build/stm32f4xx_hal_tim_ex.o
HAL_TIMEx_OCN_Start_DMA                           build/stm32f4xx_hal_tim_ex.o
HAL_TIMEx_OCN_Start_IT                            build/stm32f4xx_hal_tim_ex.o
HAL_TIMEx_OCN_Stop                                build/stm32f4xx_hal_tim_ex.o
HAL_TIMEx_OCN_Stop_DMA                            build/stm32f4xx_hal_tim_ex.o
HAL_TIMEx_OCN_Stop_IT                             build/stm32f4xx_hal_tim_ex.o
HAL_TIMEx_OnePulseN_Start                         build/stm32f4xx_hal_tim_ex.o
HAL_TIMEx_OnePulseN_Start_IT                      build/stm32f4xx_hal_tim_ex.o
HAL_TIMEx_OnePulseN_Stop                          build/stm32f4xx_hal_tim_ex.o
HAL_TIMEx_OnePulseN_Stop_IT                       build/stm32f4xx_hal_tim_ex.o
HAL_TIMEx_PWMN_Start                              build/stm32f4xx_hal_tim_ex.o
HAL_TIMEx_PWMN_Start_DMA                          build/stm32f4xx_hal_tim_ex.o
HAL_TIMEx_PWMN_Start_IT                           build/stm32f4xx_hal_tim_ex.o
HAL_TIMEx_PWMN_Stop                               build/stm32f4xx_hal_tim_ex.o
HAL_TIMEx_PWMN_Stop_DMA                           build/stm32f4xx_hal_tim_ex.o
HAL_TIMEx_PWMN_Stop_IT                            build/stm32f4xx_hal_tim_ex.o
HAL_TIMEx_RemapConfig                             build/stm32f4xx_hal_tim_ex.o
HAL_TIM_Base_DeInit                               build/stm32f4xx_hal_tim.o
HAL_TIM_Base_GetState                             build/stm32f4xx_hal_tim.o
HAL_TIM_Base_Init                                 build/stm32f4xx_hal_tim.o
                                                  build/main.o
HAL_TIM_Base_MspDeInit                            build/stm32f4xx_hal_msp.o
HAL_TIM_Base_MspInit                              build/stm32f4xx_hal_msp.o
HAL_TIM_Base_Start                                build/stm32f4xx_hal_tim.o
HAL_TIM_Base_Start_DMA                            build/stm32f4xx_hal_tim.o
HAL_TIM_Base_Start_IT                             build/stm32f4xx_hal_tim.o
                                                  build/main.o
HAL_TIM_Base_Stop                                 build/stm32f4xx_hal_tim.o
HAL_TIM_Base_Stop_DMA                             build/stm32f4xx_hal_tim.o
HAL_TIM_Base_Stop_IT                              build/stm32f4xx_hal_tim.o
HAL_TIM_ConfigClockSource                         build/stm32f4xx_hal_tim.o
                                                  build/main.o
HAL_TIM_ConfigOCrefClear                          build/stm32f4xx_hal_tim.o
HAL_TIM_ConfigTI1Input                            build/stm32f4xx_hal_tim.o
HAL_TIM_DMABurstState                             build/stm32f4xx_hal_tim.o
HAL_TIM_DMABurst_MultiReadStart                   build/stm32f4xx_hal_tim.o
HAL_TIM_DMABurst_MultiWriteStart                  build/stm32f4xx_hal_tim.o
HAL_TIM_DMABurst_ReadStart                        build/stm32f4xx_hal_tim.o
HAL_TIM_DMABurst_ReadStop                         build/stm32f4xx_hal_tim.o
HAL_TIM_DMABurst_WriteStart                       build/stm32f4xx_hal_tim.o
HAL_TIM_DMABurst_WriteStop                        build/stm32f4xx_hal_tim.o
HAL_TIM_Encoder_DeInit                            build/stm32f4xx_hal_tim.o
HAL_TIM_Encoder_GetState                          build/stm32f4xx_hal_tim.o
HAL_TIM_Encoder_Init                              build/stm32f4xx_hal_tim.o
HAL_TIM_Encoder_MspDeInit                         build/stm32f4xx_hal_tim.o
HAL_TIM_Encoder_MspInit                           build/stm32f4xx_hal_tim.o
HAL_TIM_Encoder_Start                             build/stm32f4xx_hal_tim.o
HAL_TIM_Encoder_Start_DMA                         build/stm32f4xx_hal_tim.o
HAL_TIM_Encoder_Start_IT                          build/stm32f4xx_hal_tim.o
HAL_TIM_Encoder_Stop                              build/stm32f4xx_hal_tim.o
HAL_TIM_Encoder_Stop_DMA                          build/stm32f4xx_hal_tim.o
HAL_TIM_Encoder_Stop_IT                           build/stm32f4xx_hal_tim.o
HAL_TIM_ErrorCallback                             build/stm32f4xx_hal_tim.o
                                                  build/stm32f4xx_hal_tim_ex.o
HAL_TIM_GenerateEvent                             build/stm32f4xx_hal_tim.o
HAL_TIM_GetActiveChannel                          build/stm32f4xx_hal_tim.o
HAL_TIM_GetChannelState                           build/stm32f4xx_hal_tim.o
HAL_TIM_IC_CaptureCallback                        build/stm32f4xx_hal_tim.o
HAL_TIM_IC_CaptureHalfCpltCallback                build/stm32f4xx_hal_tim.o
HAL_TIM_IC_ConfigChannel                          build/stm32f4xx_hal_tim.o
HAL_TIM_IC_DeInit                                 build/stm32f4xx_hal_tim.o
HAL_TIM_IC_GetState                               build/stm32f4xx_hal_tim.o
HAL_TIM_IC_Init                                   build/stm32f4xx_hal_tim.o
HAL_TIM_IC_MspDeInit                              build/stm32f4xx_hal_tim.o
HAL_TIM_IC_MspInit                                build/stm32f4xx_hal_tim.o
HAL_TIM_IC_Start                                  build/stm32f4xx_hal_tim.o
HAL_TIM_IC_Start_DMA                              build/stm32f4xx_hal_tim.o
HAL_TIM_IC_Start_IT                               build/stm32f4xx_hal_tim.o
HAL_TIM_IC_Stop                                   build/stm32f4xx_hal_tim.o
HAL_TIM_IC_Stop_DMA                               build/stm32f4xx_hal_tim.o
HAL_TIM_IC_Stop_IT                                build/stm32f4xx_hal_tim.o
HAL_TIM_IRQHandler                                build/stm32f4xx_hal_tim.o
                                                  build/stm32f4xx_it.o
HAL_TIM_MspPostInit                               build/stm32f4xx_hal_msp.o
                                                  build/main.o
HAL_TIM_OC_ConfigChannel                          build/stm32f4xx_hal_tim.o
HAL_TIM_OC_DeInit                                 build/stm32f4xx_hal_tim.o
HAL_TIM_OC_DelayElapsedCallback                   build/stm32f4xx_hal_tim.o
HAL_TIM_OC_GetState                               build/stm32f4xx_hal_tim.o
HAL_TIM_OC_Init                                   build/stm32f4xx_hal_tim.o
HAL_TIM_OC_MspDeInit                              build/stm32f4xx_hal_tim.o
HAL_TIM_OC_MspInit                                build/stm32f4xx_hal_tim.o
HAL_TIM_OC_Start                                  build/stm32f4xx_hal_tim.o
HAL_TIM_OC_Start_DMA                              build/stm32f4xx_hal_tim.o
HAL_TIM_OC_Start_IT                               build/stm32f4xx_hal_tim.o
HAL_TIM_OC_Stop                                   build/stm32f4xx_hal_tim.o
HAL_TIM_OC_Stop_DMA                               build/stm32f4xx_hal_tim.o
HAL_TIM_OC_Stop_IT                                build/stm32f4xx_hal_tim.o
HAL_TIM_OnePulse_ConfigChannel                    build/stm32f4xx_hal_tim.o
HAL_TIM_OnePulse_DeInit                           build/stm32f4xx_hal_tim.o
HAL_TIM_OnePulse_GetState                         build/stm32f4xx_hal_tim.o
HAL_TIM_OnePulse_Init                             build/stm32f4xx_hal_tim.o
HAL_TIM_OnePulse_MspDeInit                        build/stm32f4xx_hal_tim.o
HAL_TIM_OnePulse_MspInit                          build/stm32f4xx_hal_tim.o
HAL_TIM_OnePulse_Start                            build/stm32f4xx_hal_tim.o
HAL_TIM_OnePulse_Start_IT                         build/stm32f4xx_hal_tim.o
HAL_TIM_OnePulse_Stop                             build/stm32f4xx_hal_tim.o
HAL_TIM_OnePulse_Stop_IT                          build/stm32f4xx_hal_tim.o
HAL_TIM_PWM_ConfigChannel                         build/stm32f4xx_hal_tim.o
                                                  build/main.o
HAL_TIM_PWM_DeInit                                build/stm32f4xx_hal_tim.o
HAL_TIM_PWM_GetState                              build/stm32f4xx_hal_tim.o
HAL_TIM_PWM_Init                                  build/stm32f4xx_hal_tim.o
                                                  build/main.o
HAL_TIM_PWM_MspDeInit                             build/stm32f4xx_hal_msp.o
HAL_TIM_PWM_MspInit                               build/stm32f4xx_hal_msp.o
HAL_TIM_PWM_PulseFinishedCallback                 build/stm32f4xx_hal_tim.o
                                                  build/stm32f4xx_hal_tim_ex.o
HAL_TIM_PWM_PulseFinishedHalfCpltCallback         build/stm32f4xx_hal_tim.o
HAL_TIM_PWM_Start                                 build/stm32f4xx_hal_tim.o
                                                  build/main.o
HAL_TIM_PWM_Start_DMA                             build/stm32f4xx_hal_tim.o
HAL_TIM_PWM_Start_IT                              build/stm32f4xx_hal_tim.o
HAL_TIM_PWM_Stop                                  build/stm32f4xx_hal_tim.o
HAL_TIM_PWM_Stop_DMA                              build/stm32f4xx_hal_tim.o
HAL_TIM_PWM_Stop_IT                               build/stm32f4xx_hal_tim.o
HAL_TIM_PeriodElapsedCallback                     build/main.o
HAL_TIM_PeriodElapsedHalfCpltCallback             build/stm32f4xx_hal_tim.o
HAL_TIM_ReadCapturedValue                         build/stm32f4xx_hal_tim.o
HAL_TIM_SlaveConfigSynchro                        build/stm32f4xx_hal_tim.o
HAL_TIM_SlaveConfigSynchro_IT                     build/stm32f4xx_hal_tim.o
HAL_TIM_TriggerCallback                           build/stm32f4xx_hal_tim.o
HAL_TIM_TriggerHalfCpltCallback                   build/stm32f4xx_hal_tim.o
HAL_UARTEx_ReceiveToIdle                          build/stm32f4xx_hal_uart.o
HAL_UARTEx_ReceiveToIdle_DMA                      build/stm32f4xx_hal_uart.o
HAL_UARTEx_ReceiveToIdle_IT                       build/stm32f4xx_hal_uart.o
HAL_UARTEx_RxEventCallback                        build/stm32f4xx_hal_uart.o
HAL_UART_Abort                                    build/stm32f4xx_hal_uart.o
HAL_UART_AbortCpltCallback                        build/stm32f4xx_hal_uart.o
HAL_UART_AbortReceive                             build/stm32f4xx_hal_uart.o
HAL_UART_AbortReceiveCpltCallback                 build/stm32f4xx_hal_uart.o
HAL_UART_AbortReceive_IT                          build/stm32f4xx_hal_uart.o
HAL_UART_AbortTransmit                            build/stm32f4xx_hal_uart.o
HAL_UART_AbortTransmitCpltCallback                build/stm32f4xx_hal_uart.o
HAL_UART_AbortTransmit_IT                         build/stm32f4xx_hal_uart.o
HAL_UART_Abort_IT                                 build/stm32f4xx_hal_uart.o
HAL_UART_DMAPause                                 build/stm32f4xx_hal_uart.o
HAL_UART_DMAResume                                build/stm32f4xx_hal_uart.o
HAL_UART_DMAStop                                  build/stm32f4xx_hal_uart.o
HAL_UART_DeInit                                   build/stm32f4xx_hal_uart.o
HAL_UART_ErrorCallback                            build/stm32f4xx_hal_uart.o
HAL_UART_GetError                                 build/stm32f4xx_hal_uart.o
HAL_UART_GetState                                 build/stm32f4xx_hal_uart.o
HAL_UART_IRQHandler                               build/stm32f4xx_hal_uart.o
                                                  build/stm32f4xx_it.o
HAL_UART_Init                                     build/stm32f4xx_hal_uart.o
                                                  build/main.o
HAL_UART_MspDeInit                                build/stm32f4xx_hal_msp.o
HAL_UART_MspInit                                  build/stm32f4xx_hal_msp.o
HAL_UART_Receive                                  build/stm32f4xx_hal_uart.o
HAL_UART_Receive_DMA                              build/stm32f4xx_hal_uart.o
HAL_UART_Receive_IT                               build/stm32f4xx_hal_uart.o
                                                  build/main.o
HAL_UART_RxCpltCallback                           build/main.o
HAL_UART_RxHalfCpltCallback                       build/stm32f4xx_hal_uart.o
HAL_UART_Transmit                                 build/stm32f4xx_hal_uart.o
                                                  build/main.o
HAL_UART_Transmit_DMA                             build/stm32f4xx_hal_uart.o
HAL_UART_Transmit_IT                              build/stm32f4xx_hal_uart.o
HAL_UART_TxCpltCallback                           build/stm32f4xx_hal_uart.o
HAL_UART_TxHalfCpltCallback                       build/stm32f4xx_hal_uart.o
HASH_RNG_IRQHandler                               build/startup_stm32f427xx.o
HardFault_Handler                                 build/stm32f4xx_it.o
I2C1_ER_IRQHandler                                build/startup_stm32f427xx.o
I2C1_EV_IRQHandler                                build/startup_stm32f427xx.o
I2C2_ER_IRQHandler                                build/startup_stm32f427xx.o
I2C2_EV_IRQHandler                                build/startup_stm32f427xx.o
I2C3_ER_IRQHandler                                build/startup_stm32f427xx.o
I2C3_EV_IRQHandler                                build/startup_stm32f427xx.o
MemManage_Handler                                 build/stm32f4xx_it.o
NMI_Handler                                       build/stm32f4xx_it.o
OTG_FS_IRQHandler                                 build/startup_stm32f427xx.o
OTG_FS_WKUP_IRQHandler                            build/startup_stm32f427xx.o
OTG_HS_EP1_IN_IRQHandler                          build/startup_stm32f427xx.o
OTG_HS_EP1_OUT_IRQHandler                         build/startup_stm32f427xx.o
OTG_HS_IRQHandler                                 build/startup_stm32f427xx.o
OTG_HS_WKUP_IRQHandler                            build/startup_stm32f427xx.o
PVD_IRQHandler                                    build/startup_stm32f427xx.o
PendSV_Handler                                    build/stm32f4xx_it.o
RCC_IRQHandler                                    build/startup_stm32f427xx.o
RTC_Alarm_IRQHandler                              build/startup_stm32f427xx.o
RTC_WKUP_IRQHandler                               build/startup_stm32f427xx.o
Reset_Handler                                     build/startup_stm32f427xx.o
SAI1_IRQHandler                                   build/startup_stm32f427xx.o
SDIO_IRQHandler                                   build/startup_stm32f427xx.o
SPI1_IRQHandler                                   build/startup_stm32f427xx.o
SPI2_IRQHandler                                   build/startup_stm32f427xx.o
SPI3_IRQHandler                                   build/startup_stm32f427xx.o
SPI4_IRQHandler                                   build/startup_stm32f427xx.o
SPI5_IRQHandler                                   build/startup_stm32f427xx.o
SPI6_IRQHandler                                   build/startup_stm32f427xx.o
SVC_Handler                                       build/stm32f4xx_it.o
SysTick_Handler                                   build/stm32f4xx_it.o
SystemClock_Config                                build/main.o
SystemCoreClock                                   build/system_stm32f4xx.o
                                                  build/stm32f4xx_hal.o
                                                  build/stm32f4xx_hal_dma.o
                                                  build/stm32f4xx_hal_rcc_ex.o
                                                  build/stm32f4xx_hal_rcc.o
SystemCoreClockUpdate                             build/system_stm32f4xx.o
SystemInit                                        build/system_stm32f4xx.o
                                                  build/startup_stm32f427xx.o
TAMP_STAMP_IRQHandler                             build/startup_stm32f427xx.o
TIM1_BRK_TIM9_IRQHandler                          build/stm32f4xx_it.o
TIM1_CC_IRQHandler                                build/startup_stm32f427xx.o
TIM1_TRG_COM_TIM11_IRQHandler                     build/startup_stm32f427xx.o
TIM1_UP_TIM10_IRQHandler                          build/startup_stm32f427xx.o
TIM2_IRQHandler                                   build/startup_stm32f427xx.o
TIM3_IRQHandler                                   build/startup_stm32f427xx.o
TIM4_IRQHandler                                   build/startup_stm32f427xx.o
TIM5_IRQHandler                                   build/startup_stm32f427xx.o
TIM6_DAC_IRQHandler                               build/startup_stm32f427xx.o
TIM7_IRQHandler                                   build/startup_stm32f427xx.o
TIM8_BRK_TIM12_IRQHandler                         build/startup_stm32f427xx.o
TIM8_CC_IRQHandler                                build/startup_stm32f427xx.o
TIM8_TRG_COM_TIM14_IRQHandler                     build/startup_stm32f427xx.o
TIM8_UP_TIM13_IRQHandler                          build/startup_stm32f427xx.o
TIMEx_DMACommutationCplt                          build/stm32f4xx_hal_tim_ex.o
                                                  build/stm32f4xx_hal_tim.o
TIMEx_DMACommutationHalfCplt                      build/stm32f4xx_hal_tim_ex.o
                                                  build/stm32f4xx_hal_tim.o
TIM_Base_SetConfig                                build/stm32f4xx_hal_tim.o
                                                  build/stm32f4xx_hal_tim_ex.o
TIM_CCxChannelCmd                                 build/stm32f4xx_hal_tim.o
                                                  build/stm32f4xx_hal_tim_ex.o
TIM_DMACaptureCplt                                build/stm32f4xx_hal_tim.o
                                                  build/stm32f4xx_hal_tim_ex.o
TIM_DMACaptureHalfCplt                            build/stm32f4xx_hal_tim.o
                                                  build/stm32f4xx_hal_tim_ex.o
TIM_DMADelayPulseHalfCplt                         build/stm32f4xx_hal_tim.o
                                                  build/stm32f4xx_hal_tim_ex.o
TIM_DMAError                                      build/stm32f4xx_hal_tim.o
                                                  build/stm32f4xx_hal_tim_ex.o
TIM_ETR_SetConfig                                 build/stm32f4xx_hal_tim.o
TIM_OC2_SetConfig                                 build/stm32f4xx_hal_tim.o
                                                  build/stm32f4xx_hal_tim_ex.o
TIM_TI1_SetConfig                                 build/stm32f4xx_hal_tim.o
                                                  build/stm32f4xx_hal_tim_ex.o
UART4_IRQHandler                                  build/startup_stm32f427xx.o
UART5_IRQHandler                                  build/startup_stm32f427xx.o
UART7_IRQHandler                                  build/stm32f4xx_it.o
UART8_IRQHandler                                  build/startup_stm32f427xx.o
UART_Start_Receive_DMA                            build/stm32f4xx_hal_uart.o
UART_Start_Receive_IT                             build/stm32f4xx_hal_uart.o
USART1_IRQHandler                                 build/startup_stm32f427xx.o
USART2_IRQHandler                                 build/startup_stm32f427xx.o
USART3_IRQHandler                                 build/startup_stm32f427xx.o
USART6_IRQHandler                                 build/startup_stm32f427xx.o
UsageFault_Handler                                build/stm32f4xx_it.o
WWDG_IRQHandler                                   build/startup_stm32f427xx.o
__aeabi_idiv0                                     /home/ikemura/Robotics/Embedded/gcc-arm-none-eabi-10.3-2021.10/bin/../lib/gcc/arm-none-eabi/10.3.1/thumb/v7e-m+fp/hard/libgcc.a(_dvmd_tls.o)
__aeabi_ldiv0                                     /home/ikemura/Robotics/Embedded/gcc-arm-none-eabi-10.3-2021.10/bin/../lib/gcc/arm-none-eabi/10.3.1/thumb/v7e-m+fp/hard/libgcc.a(_dvmd_tls.o)
                                                  /home/ikemura/Robotics/Embedded/gcc-arm-none-eabi-10.3-2021.10/bin/../lib/gcc/arm-none-eabi/10.3.1/thumb/v7e-m+fp/hard/libgcc.a(_aeabi_uldivmod.o)
__aeabi_uldivmod                                  /home/ikemura/Robotics/Embedded/gcc-arm-none-eabi-10.3-2021.10/bin/../lib/gcc/arm-none-eabi/10.3.1/thumb/v7e-m+fp/hard/libgcc.a(_aeabi_uldivmod.o)
                                                  build/stm32f4xx_hal_uart.o
                                                  build/stm32f4xx_hal_rcc.o
                                                  build/main.o
__bss_end__                                       /home/ikemura/Robotics/Embedded/gcc-arm-none-eabi-10.3-2021.10/bin/../lib/gcc/arm-none-eabi/10.3.1/../../../../arm-none-eabi/lib/thumb/v7e-m+fp/hard/crt0.o
__bss_start__                                     /home/ikemura/Robotics/Embedded/gcc-arm-none-eabi-10.3-2021.10/bin/../lib/gcc/arm-none-eabi/10.3.1/../../../../arm-none-eabi/lib/thumb/v7e-m+fp/hard/crt0.o
__call_exitprocs                                  /home/ikemura/Robotics/Embedded/gcc-arm-none-eabi-10.3-2021.10/bin/../lib/gcc/arm-none-eabi/10.3.1/../../../../arm-none-eabi/lib/thumb/v7e-m+fp/hard/libc_nano.a(lib_a-exit.o)
__deregister_frame_info                           /home/ikemura/Robotics/Embedded/gcc-arm-none-eabi-10.3-2021.10/bin/../lib/gcc/arm-none-eabi/10.3.1/thumb/v7e-m+fp/hard/crtbegin.o
__dso_handle                                      /home/ikemura/Robotics/Embedded/gcc-arm-none-eabi-10.3-2021.10/bin/../lib/gcc/arm-none-eabi/10.3.1/thumb/v7e-m+fp/hard/crtbegin.o
__init_array_end                                  /home/ikemura/Robotics/Embedded/gcc-arm-none-eabi-10.3-2021.10/bin/../lib/gcc/arm-none-eabi/10.3.1/../../../../arm-none-eabi/lib/thumb/v7e-m+fp/hard/libc_nano.a(lib_a-init.o)
__init_array_start                                /home/ikemura/Robotics/Embedded/gcc-arm-none-eabi-10.3-2021.10/bin/../lib/gcc/arm-none-eabi/10.3.1/../../../../arm-none-eabi/lib/thumb/v7e-m+fp/hard/libc_nano.a(lib_a-init.o)
__libc_fini_array                                 /home/ikemura/Robotics/Embedded/gcc-arm-none-eabi-10.3-2021.10/bin/../lib/gcc/arm-none-eabi/10.3.1/../../../../arm-none-eabi/lib/thumb/v7e-m+fp/hard/crt0.o
__libc_init_array                                 /home/ikemura/Robotics/Embedded/gcc-arm-none-eabi-10.3-2021.10/bin/../lib/gcc/arm-none-eabi/10.3.1/../../../../arm-none-eabi/lib/thumb/v7e-m+fp/hard/libc_nano.a(lib_a-init.o)
                                                  build/startup_stm32f427xx.o
                                                  /home/ikemura/Robotics/Embedded/gcc-arm-none-eabi-10.3-2021.10/bin/../lib/gcc/arm-none-eabi/10.3.1/../../../../arm-none-eabi/lib/thumb/v7e-m+fp/hard/crt0.o
__preinit_array_end                               /home/ikemura/Robotics/Embedded/gcc-arm-none-eabi-10.3-2021.10/bin/../lib/gcc/arm-none-eabi/10.3.1/../../../../arm-none-eabi/lib/thumb/v7e-m+fp/hard/libc_nano.a(lib_a-init.o)
__preinit_array_start                             /home/ikemura/Robotics/Embedded/gcc-arm-none-eabi-10.3-2021.10/bin/../lib/gcc/arm-none-eabi/10.3.1/../../../../arm-none-eabi/lib/thumb/v7e-m+fp/hard/libc_nano.a(lib_a-init.o)
__register_frame_info                             /home/ikemura/Robotics/Embedded/gcc-arm-none-eabi-10.3-2021.10/bin/../lib/gcc/arm-none-eabi/10.3.1/thumb/v7e-m+fp/hard/crtbegin.o
__sf_fake_stderr                                  /home/ikemura/Robotics/Embedded/gcc-arm-none-eabi-10.3-2021.10/bin/../lib/gcc/arm-none-eabi/10.3.1/../../../../arm-none-eabi/lib/thumb/v7e-m+fp/hard/libc_nano.a(lib_a-impure.o)
__sf_fake_stdin                                   /home/ikemura/Robotics/Embedded/gcc-arm-none-eabi-10.3-2021.10/bin/../lib/gcc/arm-none-eabi/10.3.1/../../../../arm-none-eabi/lib/thumb/v7e-m+fp/hard/libc_nano.a(lib_a-impure.o)
__sf_fake_stdout                                  /home/ikemura/Robotics/Embedded/gcc-arm-none-eabi-10.3-2021.10/bin/../lib/gcc/arm-none-eabi/10.3.1/../../../../arm-none-eabi/lib/thumb/v7e-m+fp/hard/libc_nano.a(lib_a-impure.o)
__stack                                           /home/ikemura/Robotics/Embedded/gcc-arm-none-eabi-10.3-2021.10/bin/../lib/gcc/arm-none-eabi/10.3.1/../../../../arm-none-eabi/lib/thumb/v7e-m+fp/hard/crt0.o
__udivmoddi4                                      /home/ikemura/Robotics/Embedded/gcc-arm-none-eabi-10.3-2021.10/bin/../lib/gcc/arm-none-eabi/10.3.1/thumb/v7e-m+fp/hard/libgcc.a(_udivmoddi4.o)
                                                  /home/ikemura/Robotics/Embedded/gcc-arm-none-eabi-10.3-2021.10/bin/../lib/gcc/arm-none-eabi/10.3.1/thumb/v7e-m+fp/hard/libgcc.a(_aeabi_uldivmod.o)
_ebss                                             build/startup_stm32f427xx.o
_edata                                            build/startup_stm32f427xx.o
_estack                                           build/startup_stm32f427xx.o
_exit                                             /home/ikemura/Robotics/Embedded/gcc-arm-none-eabi-10.3-2021.10/bin/../lib/gcc/arm-none-eabi/10.3.1/../../../../arm-none-eabi/lib/thumb/v7e-m+fp/hard/libnosys.a(_exit.o)
                                                  /home/ikemura/Robotics/Embedded/gcc-arm-none-eabi-10.3-2021.10/bin/../lib/gcc/arm-none-eabi/10.3.1/../../../../arm-none-eabi/lib/thumb/v7e-m+fp/hard/libc_nano.a(lib_a-exit.o)
_fini                                             /home/ikemura/Robotics/Embedded/gcc-arm-none-eabi-10.3-2021.10/bin/../lib/gcc/arm-none-eabi/10.3.1/thumb/v7e-m+fp/hard/crti.o
_global_impure_ptr                                /home/ikemura/Robotics/Embedded/gcc-arm-none-eabi-10.3-2021.10/bin/../lib/gcc/arm-none-eabi/10.3.1/../../../../arm-none-eabi/lib/thumb/v7e-m+fp/hard/libc_nano.a(lib_a-impure.o)
                                                  /home/ikemura/Robotics/Embedded/gcc-arm-none-eabi-10.3-2021.10/bin/../lib/gcc/arm-none-eabi/10.3.1/../../../../arm-none-eabi/lib/thumb/v7e-m+fp/hard/libc_nano.a(lib_a-exit.o)
_impure_ptr                                       /home/ikemura/Robotics/Embedded/gcc-arm-none-eabi-10.3-2021.10/bin/../lib/gcc/arm-none-eabi/10.3.1/../../../../arm-none-eabi/lib/thumb/v7e-m+fp/hard/libc_nano.a(lib_a-impure.o)
_init                                             /home/ikemura/Robotics/Embedded/gcc-arm-none-eabi-10.3-2021.10/bin/../lib/gcc/arm-none-eabi/10.3.1/thumb/v7e-m+fp/hard/crti.o
                                                  /home/ikemura/Robotics/Embedded/gcc-arm-none-eabi-10.3-2021.10/bin/../lib/gcc/arm-none-eabi/10.3.1/../../../../arm-none-eabi/lib/thumb/v7e-m+fp/hard/libc_nano.a(lib_a-init.o)
_mainCRTStartup                                   /home/ikemura/Robotics/Embedded/gcc-arm-none-eabi-10.3-2021.10/bin/../lib/gcc/arm-none-eabi/10.3.1/../../../../arm-none-eabi/lib/thumb/v7e-m+fp/hard/crt0.o
_sbss                                             build/startup_stm32f427xx.o
_sdata                                            build/startup_stm32f427xx.o
_sidata                                           build/startup_stm32f427xx.o
_stack_init                                       /home/ikemura/Robotics/Embedded/gcc-arm-none-eabi-10.3-2021.10/bin/../lib/gcc/arm-none-eabi/10.3.1/../../../../arm-none-eabi/lib/thumb/v7e-m+fp/hard/crt0.o
_start                                            /home/ikemura/Robotics/Embedded/gcc-arm-none-eabi-10.3-2021.10/bin/../lib/gcc/arm-none-eabi/10.3.1/../../../../arm-none-eabi/lib/thumb/v7e-m+fp/hard/crt0.o
atexit                                            /home/ikemura/Robotics/Embedded/gcc-arm-none-eabi-10.3-2021.10/bin/../lib/gcc/arm-none-eabi/10.3.1/../../../../arm-none-eabi/lib/thumb/v7e-m+fp/hard/crt0.o
exit                                              /home/ikemura/Robotics/Embedded/gcc-arm-none-eabi-10.3-2021.10/bin/../lib/gcc/arm-none-eabi/10.3.1/../../../../arm-none-eabi/lib/thumb/v7e-m+fp/hard/libc_nano.a(lib_a-exit.o)
                                                  /home/ikemura/Robotics/Embedded/gcc-arm-none-eabi-10.3-2021.10/bin/../lib/gcc/arm-none-eabi/10.3.1/../../../../arm-none-eabi/lib/thumb/v7e-m+fp/hard/crt0.o